\BOOKMARK [1][-]{section.1}{\376\377\000C\000h\001\260\001\241\000n\000g\000\040\000t\000r\000\354\000n\000h\000\040\000t\000h\036\361\000c\000\040\000t\036\255\000p}{}% 1
\BOOKMARK [1][-]{section.2}{\376\377\000K\036\277\000t\000\040\000q\000u\036\243\000\040\000x\000\351\000t\000\040\000t\000u\000y\036\303\000n}{}% 2
\BOOKMARK [1][-]{section.3}{\376\377\000B\000\341\000o\000\040\000c\000\341\000o\000\040\000t\000h\036\361\000c\000\040\000t\036\255\000p}{}% 3
\BOOKMARK [2][-]{subsection.3.1}{\376\377\000N\000h\036\255\000t\000\040\000k\000\375\000\040\000c\000\364\000n\000g\000\040\000v\000i\036\307\000c}{section.3}% 4
\BOOKMARK [3][-]{subsubsection.3.1.1}{\376\377\000W\000o\000r\000k\000l\000o\000g\000\040\000T\000u\036\247\000n\000\040\0001}{subsection.3.1}% 5
\BOOKMARK [3][-]{subsubsection.3.1.2}{\376\377\000M\036\345\000c\000\040\000t\000i\000\352\000u\000\040\000t\000u\036\247\000n\000\040\0001\000:}{subsection.3.1}% 6
\BOOKMARK [3][-]{subsubsection.3.1.3}{\376\377\000C\000\341\000c\000\040\000c\000\364\000n\000g\000\040\000v\000i\036\307\000c\000\040\000c\036\247\000n\000\040\000t\000r\000i\036\303\000n\000\040\000k\000h\000a\000i\000\040\000t\000r\000o\000n\000g\000\040\000t\000u\036\247\000n\000\040\000n\000\340\000y\000:}{subsection.3.1}% 7
\BOOKMARK [3][-]{subsubsection.3.1.4}{\376\377\000K\036\277\000t\000\040\000q\000u\036\243\000\040\001\021\036\241\000t\000\040\001\021\001\260\036\343\000c\000\040\000t\000u\036\247\000n\000\040\0001\000:}{subsection.3.1}% 8
\BOOKMARK [3][-]{subsubsection.3.1.5}{\376\377\000W\000o\000r\000k\000l\000o\000g\000\040\000T\000u\036\247\000n\000\040\0002}{subsection.3.1}% 9
\BOOKMARK [3][-]{subsubsection.3.1.6}{\376\377\000M\036\345\000c\000\040\000t\000i\000\352\000u\000\040\000t\000u\036\247\000n\000\040\0002\000:}{subsection.3.1}% 10
\BOOKMARK [3][-]{subsubsection.3.1.7}{\376\377\000C\000\341\000c\000\040\000c\000\364\000n\000g\000\040\000v\000i\036\307\000c\000\040\000c\036\247\000n\000\040\000t\000r\000i\036\303\000n\000\040\000k\000h\000a\000i\000\040\000t\000r\000o\000n\000g\000\040\000t\000u\036\247\000n\000\040\000n\000\340\000y\000:}{subsection.3.1}% 11
\BOOKMARK [3][-]{subsubsection.3.1.8}{\376\377\000K\036\277\000t\000\040\000q\000u\036\243\000\040\001\021\036\241\000t\000\040\001\021\001\260\036\343\000c\000\040\000t\000u\036\247\000n\000\040\0002\000:}{subsection.3.1}% 12
\BOOKMARK [3][-]{subsubsection.3.1.9}{\376\377\000W\000o\000r\000k\000l\000o\000g\000\040\000T\000u\036\247\000n\000\040\0003}{subsection.3.1}% 13
\BOOKMARK [3][-]{subsubsection.3.1.10}{\376\377\000M\036\345\000c\000\040\000t\000i\000\352\000u\000\040\000t\000u\036\247\000n\000\040\0003\000:}{subsection.3.1}% 14
\BOOKMARK [3][-]{subsubsection.3.1.11}{\376\377\000C\000\341\000c\000\040\000c\000\364\000n\000g\000\040\000v\000i\036\307\000c\000\040\000c\036\247\000n\000\040\000t\000r\000i\036\303\000n\000\040\000k\000h\000a\000i\000\040\000t\000r\000o\000n\000g\000\040\000t\000u\036\247\000n\000\040\000n\000\340\000y\000:}{subsection.3.1}% 15
\BOOKMARK [3][-]{subsubsection.3.1.12}{\376\377\000K\036\277\000t\000\040\000q\000u\036\243\000\040\001\021\036\241\000t\000\040\001\021\001\260\036\343\000c\000\040\000t\000u\036\247\000n\000\040\0003\000:}{subsection.3.1}% 16
\BOOKMARK [3][-]{subsubsection.3.1.13}{\376\377\000W\000o\000r\000k\000l\000o\000g\000\040\000T\000u\036\247\000n\000\040\0004}{subsection.3.1}% 17
\BOOKMARK [3][-]{subsubsection.3.1.14}{\376\377\000M\036\345\000c\000\040\000t\000i\000\352\000u\000\040\000t\000u\036\247\000n\000\040\0004\000:}{subsection.3.1}% 18
\BOOKMARK [3][-]{subsubsection.3.1.15}{\376\377\000C\000\341\000c\000\040\000c\000\364\000n\000g\000\040\000v\000i\036\307\000c\000\040\000c\036\247\000n\000\040\000t\000r\000i\036\303\000n\000\040\000k\000h\000a\000i\000\040\000t\000r\000o\000n\000g\000\040\000t\000u\036\247\000n\000\040\000n\000\340\000y\000:}{subsection.3.1}% 19
\BOOKMARK [3][-]{subsubsection.3.1.16}{\376\377\000K\036\277\000t\000\040\000q\000u\036\243\000\040\001\021\036\241\000t\000\040\001\021\001\260\036\343\000c\000\040\000t\000u\036\247\000n\000\040\0004\000:}{subsection.3.1}% 20
\BOOKMARK [3][-]{subsubsection.3.1.17}{\376\377\000W\000o\000r\000k\000l\000o\000g\000\040\000T\000u\036\247\000n\000\040\0005}{subsection.3.1}% 21
\BOOKMARK [3][-]{subsubsection.3.1.18}{\376\377\000M\036\345\000c\000\040\000t\000i\000\352\000u\000\040\000t\000u\036\247\000n\000\040\0005\000:}{subsection.3.1}% 22
\BOOKMARK [3][-]{subsubsection.3.1.19}{\376\377\000C\000\341\000c\000\040\000c\000\364\000n\000g\000\040\000v\000i\036\307\000c\000\040\000c\036\247\000n\000\040\000t\000r\000i\036\303\000n\000\040\000k\000h\000a\000i\000\040\000t\000r\000o\000n\000g\000\040\000t\000u\036\247\000n\000\040\000n\000\340\000y\000:}{subsection.3.1}% 23
\BOOKMARK [3][-]{subsubsection.3.1.20}{\376\377\000K\036\277\000t\000\040\000q\000u\036\243\000\040\001\021\036\241\000t\000\040\001\021\001\260\036\343\000c\000\040\000t\000u\036\247\000n\000\040\0005\000:}{subsection.3.1}% 24
\BOOKMARK [3][-]{subsubsection.3.1.21}{\376\377\000W\000o\000r\000k\000l\000o\000g\000\040\000T\000u\036\247\000n\000\040\0006}{subsection.3.1}% 25
\BOOKMARK [3][-]{subsubsection.3.1.22}{\376\377\000M\036\345\000c\000\040\000t\000i\000\352\000u\000\040\000t\000u\036\247\000n\000\040\0006\000:}{subsection.3.1}% 26
\BOOKMARK [3][-]{subsubsection.3.1.23}{\376\377\000C\000\341\000c\000\040\000c\000\364\000n\000g\000\040\000v\000i\036\307\000c\000\040\000c\036\247\000n\000\040\000t\000r\000i\036\303\000n\000\040\000k\000h\000a\000i\000\040\000t\000r\000o\000n\000g\000\040\000t\000u\036\247\000n\000\040\000n\000\340\000y\000:}{subsection.3.1}% 27
\BOOKMARK [3][-]{subsubsection.3.1.24}{\376\377\000K\036\277\000t\000\040\000q\000u\036\243\000\040\001\021\036\241\000t\000\040\001\021\001\260\036\343\000c\000\040\000t\000u\036\247\000n\000\040\0006\000:}{subsection.3.1}% 28
\BOOKMARK [3][-]{subsubsection.3.1.25}{\376\377\000W\000o\000r\000k\000l\000o\000g\000\040\000T\000u\036\247\000n\000\040\0007}{subsection.3.1}% 29
\BOOKMARK [3][-]{subsubsection.3.1.26}{\376\377\000M\036\345\000c\000\040\000t\000i\000\352\000u\000\040\000t\000u\036\247\000n\000\040\0007\000:}{subsection.3.1}% 30
\BOOKMARK [3][-]{subsubsection.3.1.27}{\376\377\000C\000\341\000c\000\040\000c\000\364\000n\000g\000\040\000v\000i\036\307\000c\000\040\000c\036\247\000n\000\040\000t\000r\000i\036\303\000n\000\040\000k\000h\000a\000i\000\040\000t\000r\000o\000n\000g\000\040\000t\000u\036\247\000n\000\040\000n\000\340\000y\000:}{subsection.3.1}% 31
\BOOKMARK [3][-]{subsubsection.3.1.28}{\376\377\000K\036\277\000t\000\040\000q\000u\036\243\000\040\001\021\036\241\000t\000\040\001\021\001\260\036\343\000c\000\040\000t\000u\036\247\000n\000\040\0007\000:}{subsection.3.1}% 32
\BOOKMARK [3][-]{subsubsection.3.1.29}{\376\377\000W\000o\000r\000k\000l\000o\000g\000\040\000T\000u\036\247\000n\000\040\0008}{subsection.3.1}% 33
\BOOKMARK [3][-]{subsubsection.3.1.30}{\376\377\000M\036\345\000c\000\040\000t\000i\000\352\000u\000\040\000t\000u\036\247\000n\000\040\0008\000:}{subsection.3.1}% 34
\BOOKMARK [3][-]{subsubsection.3.1.31}{\376\377\000C\000\341\000c\000\040\000c\000\364\000n\000g\000\040\000v\000i\036\307\000c\000\040\000c\036\247\000n\000\040\000t\000r\000i\036\303\000n\000\040\000k\000h\000a\000i\000\040\000t\000r\000o\000n\000g\000\040\000t\000u\036\247\000n\000\040\000n\000\340\000y\000:}{subsection.3.1}% 35
\BOOKMARK [3][-]{subsubsection.3.1.32}{\376\377\000K\036\277\000t\000\040\000q\000u\036\243\000\040\001\021\036\241\000t\000\040\001\021\001\260\036\343\000c\000\040\000t\000u\036\247\000n\000\040\0008\000:}{subsection.3.1}% 36
\BOOKMARK [2][-]{subsection.3.2}{\376\377\001\020\036\301\000\040\000x\000u\036\245\000t}{section.3}% 37
\BOOKMARK [1][-]{section.4}{\376\377\000N\000e\000w\000s\000\040\000R\000A\000G\000\040\000P\000i\000p\000e\000l\000i\000n\000e\000\040\000t\000r\000\352\000n\000\040\000A\000W\000S}{}% 38
\BOOKMARK [2][-]{subsection.4.1}{\376\377\001\020\001\260\036\335\000n\000g\000\040\036\321\000n\000g\000\040\000d\036\357\000\040\000l\000i\036\307\000u\000\040\000S\000e\000r\000v\000e\000r\000l\000e\000s\000s\000\040\000v\036\333\000i\000\040\000R\000A\000G\000\040\000c\000h\000o\000\040\000h\036\317\000i\000\040\001\021\000\341\000p\000\040\000t\000i\000n\000\040\000t\036\351\000c\000\040\000t\000h\000\364\000n\000g\000\040\000m\000i\000n\000h}{section.4}% 39
\BOOKMARK [3][-]{subsubsection.4.1.1}{\376\377\0001\000.\000\040\000T\000\363\000m\000\040\000t\036\257\000t\000\040\001\021\000i\036\301\000u\000\040\000h\000\340\000n\000h}{subsection.4.1}% 40
\BOOKMARK [3][-]{subsubsection.4.1.2}{\376\377\0002\000.\000\040\000T\000u\000y\000\352\000n\000\040\000b\036\321\000\040\000v\036\245\000n\000\040\001\021\036\301}{subsection.4.1}% 41
\BOOKMARK [3][-]{subsubsection.4.1.3}{\376\377\0003\000.\000\040\000K\000i\036\277\000n\000\040\000t\000r\000\372\000c\000\040\000g\000i\036\243\000i\000\040\000p\000h\000\341\000p}{subsection.4.1}% 42
\BOOKMARK [3][-]{subsubsection.4.1.4}{\376\377\000C\000\341\000c\000\040\000d\036\313\000c\000h\000\040\000v\036\345\000\040\000A\000W\000S\000\040\000s\036\355\000\040\000d\036\345\000n\000g}{subsection.4.1}% 43
\BOOKMARK [3][-]{subsubsection.4.1.5}{\376\377\000T\000h\000i\036\277\000t\000\040\000k\036\277\000\040\000t\000h\000\340\000n\000h\000\040\000p\000h\036\247\000n}{subsection.4.1}% 44
\BOOKMARK [3][-]{subsubsection.4.1.6}{\376\377\0004\000.\000\040\000T\000r\000i\036\303\000n\000\040\000k\000h\000a\000i\000\040\000k\036\371\000\040\000t\000h\000u\036\255\000t}{subsection.4.1}% 45
\BOOKMARK [3][-]{subsubsection.4.1.7}{\376\377\0005\000.\000\040\000T\000i\000m\000e\000l\000i\000n\000e\000\040\000\046\000\040\000M\000i\000l\000e\000s\000t\000o\000n\000e\000s}{subsection.4.1}% 46
\BOOKMARK [3][-]{subsubsection.4.1.8}{\376\377\0006\000.\000\040\000D\036\361\000\040\000t\000o\000\341\000n\000\040\000n\000g\000\342\000n\000\040\000s\000\341\000c\000h}{subsection.4.1}% 47
\BOOKMARK [3][-]{subsubsection.4.1.9}{\376\377\0007\000.\000\040\001\020\000\341\000n\000h\000\040\000g\000i\000\341\000\040\000r\036\347\000i\000\040\000r\000o}{subsection.4.1}% 48
\BOOKMARK [3][-]{subsubsection.4.1.10}{\376\377\0008\000.\000\040\000K\036\277\000t\000\040\000q\000u\036\243\000\040\000m\000o\000n\000g\000\040\001\021\036\343\000i}{subsection.4.1}% 49
\BOOKMARK [2][-]{subsection.4.2}{\376\377\000C\000\341\000c\000\040\000b\000\340\000i\000\040\000b\000l\000o\000g\000s\000\040\001\021\000\343\000\040\001\021\001\003\000n\000g}{section.4}% 50
\BOOKMARK [3][-]{subsubsection.4.2.1}{\376\377\000B\000l\000o\000g\000\040\0001\000:\000\040\000V\001\260\036\343\000t\000\040\000g\000i\036\333\000i\000\040\000h\036\241\000n\000\040\000T\000i\000m\000e\000o\000u\000t\000\040\000v\036\333\000i\000\040\000A\000W\000S\000\040\000F\000a\000r\000g\000a\000t\000e}{subsection.4.2}% 51
\BOOKMARK [1][-]{section.5}{\376\377\000V\001\260\036\343\000t\000\040\000q\000u\000a\000\040\000g\000i\036\333\000i\000\040\000h\036\241\000n\000\040\0001\0005\000\040\000p\000h\000\372\000t\000\040\000c\036\347\000a\000\040\000A\000W\000S\000\040\000L\000a\000m\000b\000d\000a\000\040\000b\036\261\000n\000g\000\040\000k\000i\036\277\000n\000\040\000t\000r\000\372\000c\000\040\000E\000C\000S\000\040\000F\000a\000r\000g\000a\000t\000e}{}% 52
\BOOKMARK [2][-]{subsubsection.5.0.1}{\376\377\000B\000\340\000i\000\040\000t\000o\000\341\000n\000\040\001\021\036\267\000t\000\040\000r\000a\000:\000\040\000G\000i\036\333\000i\000\040\000h\036\241\000n\000\040\000t\000h\036\335\000i\000\040\000g\000i\000a\000n\000\040\000\050\000T\000i\000m\000e\000o\000u\000t\000\051}{section.5}% 53
\BOOKMARK [3][-]{subsubsection.5.0.2}{\376\377\000G\000i\036\243\000i\000\040\000p\000h\000\341\000p\000:\000\040\000C\000h\000u\000y\036\303\000n\000\040\001\021\036\325\000i\000\040\000s\000a\000n\000g\000\040\000A\000m\000a\000z\000o\000n\000\040\000E\000C\000S\000\040\000F\000a\000r\000g\000a\000t\000e}{subsubsection.5.0.1}% 54
\BOOKMARK [3][-]{subsubsection.5.0.3}{\376\377\000K\036\277\000t\000\040\000q\000u\036\243\000\040\001\021\036\241\000t\000\040\001\021\001\260\036\343\000c}{subsubsection.5.0.1}% 55
\BOOKMARK [3][-]{subsubsection.5.0.4}{\376\377\000B\000l\000o\000g\000\040\0002\000:\000\040\000T\036\321\000i\000\040\001\260\000u\000\040\000c\000h\000i\000\040\000p\000h\000\355\000\040\000b\036\261\000n\000g\000\040\000S\000Q\000S}{subsubsection.5.0.1}% 56
\BOOKMARK [1][-]{section.6}{\376\377\000T\036\321\000i\000\040\001\260\000u\000\040\000h\000\363\000a\000\040\000c\000h\000i\000\040\000p\000h\000\355\000\040\000h\036\307\000\040\000t\000h\036\321\000n\000g\000:\000\040\000C\000h\000u\000y\036\303\000n\000\040\001\021\036\325\000i\000\040\000t\036\353\000\040\000A\000p\000a\000c\000h\000e\000\040\000K\000a\000f\000k\000a\000\040\000s\000a\000n\000g\000\040\000A\000m\000a\000z\000o\000n\000\040\000S\000Q\000S}{}% 57
\BOOKMARK [2][-]{subsubsection.6.0.1}{\376\377\000B\000\340\000i\000\040\000t\000o\000\341\000n\000\040\000c\000h\000i\000\040\000p\000h\000\355\000\040\000v\036\333\000i\000\040\000K\000a\000f\000k\000a}{section.6}% 58
\BOOKMARK [3][-]{subsubsection.6.0.2}{\376\377\000L\036\361\000a\000\040\000c\000h\036\315\000n\000\040\000t\000h\000a\000y\000\040\000t\000h\036\277\000:\000\040\000A\000m\000a\000z\000o\000n\000\040\000S\000Q\000S\000\040\000\050\000S\000i\000m\000p\000l\000e\000\040\000Q\000u\000e\000u\000e\000\040\000S\000e\000r\000v\000i\000c\000e\000\051}{subsubsection.6.0.1}% 59
\BOOKMARK [3][-]{subsubsection.6.0.3}{\376\377\001\020\000\341\000n\000h\000\040\000g\000i\000\341\000\040\000t\036\353\000\040\000q\000u\000y\036\277\000t\000\040\001\021\036\313\000n\000h\000\040\000t\000h\000i\036\277\000t\000\040\000k\036\277}{subsubsection.6.0.1}% 60
\BOOKMARK [3][-]{subsubsection.6.0.4}{\376\377\000B\000l\000o\000g\000\040\0003\000:\000\040\000X\000\342\000y\000\040\000d\036\361\000n\000g\000\040\000R\000A\000G\000\040\000t\036\321\000i\000\040\001\260\000u}{subsubsection.6.0.1}% 61
\BOOKMARK [1][-]{section.7}{\376\377\000H\000i\036\307\000n\000\040\000t\000h\036\361\000c\000\040\000h\000\363\000a\000\040\000h\036\307\000\040\000t\000h\036\321\000n\000g\000\040\000R\000A\000G\000\040\000v\036\333\000i\000\040\000A\000m\000a\000z\000o\000n\000\040\000B\000e\000d\000r\000o\000c\000k\000\040\000v\000\340\000\040\000A\000u\000r\000o\000r\000a\000\040\000p\000g\000v\000e\000c\000t\000o\000r}{}% 62
\BOOKMARK [2][-]{subsubsection.7.0.1}{\376\377\0001\000.\000\040\000A\000m\000a\000z\000o\000n\000\040\000B\000e\000d\000r\000o\000c\000k\000:\000\040\000S\036\351\000c\000\040\000m\036\241\000n\000h\000\040\000n\000h\000\372\000n\000g\000\040\000\050\000E\000m\000b\000e\000d\000d\000i\000n\000g\000\051}{section.7}% 63
\BOOKMARK [3][-]{subsubsection.7.0.2}{\376\377\0002\000.\000\040\000A\000m\000a\000z\000o\000n\000\040\000A\000u\000r\000o\000r\000a\000\040\000S\000e\000r\000v\000e\000r\000l\000e\000s\000s\000\040\000v\0002\000\040\000+\000\040\000p\000g\000v\000e\000c\000t\000o\000r}{subsubsection.7.0.1}% 64
\BOOKMARK [3][-]{subsubsection.7.0.3}{\376\377\000K\036\277\000t\000\040\000l\000u\036\255\000n}{subsubsection.7.0.1}% 65
\BOOKMARK [2][-]{subsection.7.1}{\376\377\000C\000\341\000c\000\040\000s\036\361\000\040\000k\000i\036\307\000n\000\040\001\021\000\343\000\040\000t\000h\000a\000m\000\040\000g\000i\000a}{section.7}% 66
\BOOKMARK [3][-]{subsubsection.7.1.1}{\376\377\000B\000\341\000o\000\040\000c\000\341\000o\000\040\000T\000h\000u\000\040\000h\000o\036\241\000c\000h\000\040\000E\000v\000e\000n\000t\000\040\0001\000:\000\040\001\020\036\313\000n\000h\000\040\000h\001\260\036\333\000n\000g\000\040\000N\000g\000h\036\301\000\040\000n\000g\000h\000i\036\307\000p\000,\000\040\000K\036\371\000\040\000n\001\003\000n\000g\000\040\000v\000\340\000\040\000T\001\260\000\040\000d\000u\000y\000\040\000T\000h\036\361\000c\000\040\000t\036\277\000\040\000t\000r\000o\000n\000g\000\040\000D\000o\000a\000n\000h\000\040\000n\000g\000h\000i\036\307\000p}{subsection.7.1}% 67
\BOOKMARK [1][-]{section.8}{\376\377\000B\000\341\000o\000\040\000c\000\341\000o\000\040\000T\000h\000u\000\040\000h\000o\036\241\000c\000h\000:\000\040\001\020\036\313\000n\000h\000\040\000h\001\260\036\333\000n\000g\000\040\000N\000g\000h\036\301\000\040\000n\000g\000h\000i\036\307\000p\000,\000\040\000K\036\371\000\040\000n\001\003\000n\000g\000\040\000v\000\340\000\040\000T\001\260\000\040\000d\000u\000y\000\040\000T\000h\036\361\000c\000\040\000t\036\277\000\040\000t\000r\000o\000n\000g\000\040\000D\000o\000a\000n\000h\000\040\000n\000g\000h\000i\036\307\000p}{}% 68
\BOOKMARK [2][-]{subsection.8.1}{\376\377\0001\000.\000\040\000M\036\345\000c\000\040\000t\000i\000\352\000u\000\040\000S\036\361\000\040\000k\000i\036\307\000n}{section.8}% 69
\BOOKMARK [2][-]{subsection.8.2}{\376\377\0002\000.\000\040\000D\000i\036\305\000n\000\040\000g\000i\036\243\000\040\000K\000h\000\341\000c\000h\000\040\000m\036\335\000i}{section.8}% 70
\BOOKMARK [2][-]{subsection.8.3}{\376\377\0003\000.\000\040\000N\000h\036\357\000n\000g\000\040\001\020\000i\036\303\000m\000\040\000N\000h\036\245\000n\000\040\000Q\000u\000a\000n\000\040\000T\000r\036\315\000n\000g\000\040\000\050\000K\000e\000y\000\040\000H\000i\000g\000h\000l\000i\000g\000h\000t\000s\000\051}{section.8}% 71
\BOOKMARK [3][-]{subsubsection.8.3.1}{\376\377\000T\000h\036\361\000c\000\040\000t\036\277\000\040\000k\000h\036\321\000c\000\040\000l\000i\036\307\000t\000\040\000v\000\340\000\040\000b\036\243\000n\000\040\000c\000h\036\245\000t\000\040\000c\000\364\000n\000g\000\040\000v\000i\036\307\000c\000\040\000D\000e\000v\000O\000p\000s\000\040\000t\000r\000o\000n\000g\000\040\000d\000o\000a\000n\000h\000\040\000n\000g\000h\000i\036\307\000p}{subsection.8.3}% 72
\BOOKMARK [3][-]{subsubsection.8.3.2}{\376\377\000S\036\361\000\040\000l\000i\000n\000h\000\040\000h\000o\036\241\000t\000\040\000c\036\347\000a\000\040\000K\036\371\000\040\000s\001\260\000\040\000D\036\357\000\040\000l\000i\036\307\000u\000\040\000t\000h\000e\000o\000\040\000t\036\353\000n\000g\000\040\000l\001\051\000n\000h\000\040\000v\036\361\000c\000\040\000k\000i\000n\000h\000\040\000d\000o\000a\000n\000h}{subsection.8.3}% 73
\BOOKMARK [2][-]{subsection.8.4}{\376\377\0004\000.\000\040\000B\000\340\000i\000\040\000H\036\315\000c\000\040\001\020\000\372\000c\000\040\000K\036\277\000t\000\040\000\050\000K\000e\000y\000\040\000T\000a\000k\000e\000a\000w\000a\000y\000s\000\051}{section.8}% 74
\BOOKMARK [3][-]{subsubsection.8.4.1}{\376\377\000T\001\260\000\040\000d\000u\000y\000\040\000p\000h\000\341\000t\000\040\000t\000r\000i\036\303\000n\000\040\000s\036\361\000\040\000n\000g\000h\000i\036\307\000p\000\040\000q\000u\000a\000\040\0005\000\040\000g\000i\000a\000i\000\040\001\021\000o\036\241\000n}{subsection.8.4}% 75
\BOOKMARK [3][-]{subsubsection.8.4.2}{\376\377\000N\036\301\000n\000\040\000t\036\243\000n\000g\000\040\000k\036\371\000\040\000t\000h\000u\036\255\000t\000\040\000v\000\340\000\040\000h\000\340\000n\000h\000\040\000t\000r\000\354\000n\000h\000\040\0008\000\040\000b\001\260\036\333\000c\000\040\000t\036\361\000\040\000t\000h\000\342\000n}{subsection.8.4}% 76
\BOOKMARK [3][-]{subsubsection.8.4.3}{\376\377\000V\001\003\000n\000\040\000h\000\363\000a\000\040\000d\000o\000a\000n\000h\000\040\000n\000g\000h\000i\036\307\000p\000\040\000v\000\340\000\040\000t\000r\000i\036\277\000t\000\040\000l\000\375\000\040\000`\000`\001\020\000\372\000n\000g\000\040\000V\000i\036\307\000c\000'\000'}{subsection.8.4}% 77
\BOOKMARK [2][-]{subsection.8.5}{\376\377\0005\000.\000\040\036\350\000n\000g\000\040\000D\036\345\000n\000g\000\040\000V\000\340\000o\000\040\000T\000h\036\361\000c\000\040\000T\036\277\000\040\000\050\000A\000p\000p\000l\000y\000i\000n\000g\000\040\000t\000o\000\040\000W\000o\000r\000k\000\051}{section.8}% 78
\BOOKMARK [2][-]{subsection.8.6}{\376\377\0006\000.\000\040\000T\000r\036\243\000i\000\040\000N\000g\000h\000i\036\307\000m\000\040\000K\000h\000\363\000a\000\040\000H\036\315\000c\000\040\000\050\000E\000v\000e\000n\000t\000\040\000E\000x\000p\000e\000r\000i\000e\000n\000c\000e\000\051}{section.8}% 79
\BOOKMARK [2][-]{subsection.8.7}{\376\377\0007\000.\000\040\000T\036\325\000n\000g\000\040\000K\036\277\000t\000\040\000\050\000L\000e\000s\000s\000o\000n\000s\000\040\000L\000e\000a\000r\000n\000e\000d\000\051}{section.8}% 80
\BOOKMARK [3][-]{subsubsection.8.7.1}{\376\377\000B\000\341\000o\000\040\000c\000\341\000o\000\040\000T\000h\000u\000\040\000h\000o\036\241\000c\000h\000\040\000E\000v\000e\000n\000t\000\040\0002\000:\000\040\000Q\000u\036\243\000n\000\040\000t\000r\036\313\000\040\000V\036\255\000n\000\040\000h\000\340\000n\000h\000,\000\040\000B\036\243\000o\000\040\000m\036\255\000t\000\040\000H\036\307\000\040\000t\000h\036\321\000n\000g\000\040\000W\000e\000b\000\040\000v\000\340\000\040\000L\036\331\000\040\000t\000r\000\354\000n\000h\000\040\000C\000h\036\351\000n\000g\000\040\000c\000h\036\311\000\040\000A\000W\000S}{subsection.8.7}% 81
\BOOKMARK [1][-]{section.9}{\376\377\000B\000\341\000o\000\040\000c\000\341\000o\000\040\000T\000h\000u\000\040\000h\000o\036\241\000c\000h\000:\000\040\000Q\000u\036\243\000n\000\040\000t\000r\036\313\000\040\000V\036\255\000n\000\040\000h\000\340\000n\000h\000,\000\040\000B\036\243\000o\000\040\000m\036\255\000t\000\040\000H\036\307\000\040\000t\000h\036\321\000n\000g\000\040\000W\000e\000b\000\040\000v\000\340\000\040\000L\036\331\000\040\000t\000r\000\354\000n\000h\000\040\000C\000h\036\351\000n\000g\000\040\000c\000h\036\311\000\040\000A\000W\000S}{}% 82
\BOOKMARK [2][-]{subsection.9.1}{\376\377\0001\000.\000\040\000M\036\345\000c\000\040\000t\000i\000\352\000u\000\040\000S\036\361\000\040\000k\000i\036\307\000n}{section.9}% 83
\BOOKMARK [2][-]{subsection.9.2}{\376\377\0002\000.\000\040\000D\000i\036\305\000n\000\040\000g\000i\036\243\000\040\000K\000h\000\341\000c\000h\000\040\000m\036\335\000i}{section.9}% 84
\BOOKMARK [2][-]{subsection.9.3}{\376\377\0003\000.\000\040\000N\000h\036\357\000n\000g\000\040\001\020\000i\036\303\000m\000\040\000N\000h\036\245\000n\000\040\000Q\000u\000a\000n\000\040\000T\000r\036\315\000n\000g\000\040\000\050\000K\000e\000y\000\040\000H\000i\000g\000h\000l\000i\000g\000h\000t\000s\000\051}{section.9}% 85
\BOOKMARK [3][-]{subsubsection.9.3.1}{\376\377\000S\036\361\000\040\000t\000h\036\255\000t\000\040\000p\000h\001\151\000\040\000p\000h\000\340\000n\000g\000\040\000v\036\301\000\040\000g\000i\000\341\000m\000\040\000s\000\341\000t\000\040\000v\036\255\000n\000\040\000h\000\340\000n\000h\000\040\000h\036\307\000\040\000t\000h\036\321\000n\000g\000:\000\040\000`\000`\000H\036\241\000\040\000t\036\247\000n\000g\000\040\000x\000a\000n\000h\000\040\000n\000h\001\260\000n\000g\000\040\000n\000g\001\260\036\335\000i\000\040\000d\000\371\000n\000g\000\040\000k\000h\000\363\000c\000'\000'}{subsection.9.3}% 86
\BOOKMARK [3][-]{subsubsection.9.3.2}{\376\377\000C\000u\036\331\000c\000\040\000c\000\341\000c\000h\000\040\000m\036\241\000n\000g\000\040\000b\036\243\000o\000\040\000m\036\255\000t\000\040\000t\036\361\000\040\001\021\036\331\000n\000g\000\040\000h\000\363\000a\000\040\000v\036\333\000i\000\040\000F\000r\000o\000n\000t\000i\000e\000r\000\040\000A\000g\000e\000n\000t\000\040\000v\000\340\000\040\000A\000g\000e\000n\000t\000i\000c\000\040\000A\000I}{subsection.9.3}% 87
\BOOKMARK [3][-]{subsubsection.9.3.3}{\376\377\000C\000h\000i\036\277\000n\000\040\000l\001\260\036\343\000c\000\040\000c\000h\000i\000n\000h\000\040\000p\000h\036\345\000c\000\040\000c\000h\036\351\000n\000g\000\040\000c\000h\036\311\000\040\000A\000W\000S\000\040\000C\000e\000r\000t\000i\000f\000i\000e\000d\000\040\000C\000l\000o\000u\000d\000\040\000P\000r\000a\000c\000t\000i\000t\000i\000o\000n\000e\000r\000\040\000\050\000C\000L\000F\000-\000C\0000\0002\000\051}{subsection.9.3}% 88
\BOOKMARK [2][-]{subsection.9.4}{\376\377\0004\000.\000\040\000B\000\340\000i\000\040\000H\036\315\000c\000\040\001\020\000\372\000c\000\040\000K\036\277\000t\000\040\000\050\000K\000e\000y\000\040\000T\000a\000k\000e\000a\000w\000a\000y\000s\000\051}{section.9}% 89
\BOOKMARK [3][-]{subsubsection.9.4.1}{\376\377\000T\001\260\000\040\000d\000u\000y\000\040\000q\000u\036\243\000n\000\040\000t\000r\036\313\000\040\000r\036\347\000i\000\040\000r\000o\000\040\000v\000\340\000\040\000S\000L\000A\000\040\000t\000h\036\361\000c\000\040\000c\000h\036\245\000t\000\040\000\050\000R\000i\000s\000k\000\040\000M\000a\000n\000a\000g\000e\000m\000e\000n\000t\000\040\000\046\000\040\000T\000r\000u\000e\000\040\000S\000L\000A\000\040\000M\000i\000n\000d\000s\000e\000t\000\051}{subsection.9.4}% 90
\BOOKMARK [3][-]{subsubsection.9.4.2}{\376\377\000T\000\355\000c\000h\000\040\000h\036\343\000p\000\040\000b\036\243\000o\000\040\000m\036\255\000t\000\040\000t\000o\000\340\000n\000\040\000d\000i\036\307\000n\000\040\000t\000r\000o\000n\000g\000\040\000k\036\367\000\040\000n\000g\000u\000y\000\352\000n\000\040\000A\000I\000\040\000\050\000A\000u\000t\000o\000n\000o\000m\000o\000u\000s\000\040\000D\000e\000v\000S\000e\000c\000O\000p\000s\000\040\000\046\000\040\000S\000e\000c\000u\000r\000i\000t\000y\000\040\000R\000e\000a\000s\000o\000n\000i\000n\000g\000\051}{subsection.9.4}% 91
\BOOKMARK [3][-]{subsubsection.9.4.3}{\376\377\000P\000h\001\260\001\241\000n\000g\000\040\000p\000h\000\341\000p\000\040\000\364\000n\000\040\000t\000h\000i\000\040\000t\000h\000\364\000n\000g\000\040\000m\000i\000n\000h\000\040\000v\000\340\000\040\000k\036\371\000\040\000n\001\003\000n\000g\000\040\000p\000h\000\362\000n\000g\000\040\000t\000h\000i\000\040\000t\000h\036\361\000c\000\040\000c\000h\000i\036\277\000n\000\040\000\050\000A\000W\000S\000\040\000E\000x\000a\000m\000\040\000S\000t\000r\000a\000t\000e\000g\000y\000\051}{subsection.9.4}% 92
\BOOKMARK [2][-]{subsection.9.5}{\376\377\0005\000.\000\040\036\350\000n\000g\000\040\000D\036\345\000n\000g\000\040\000V\000\340\000o\000\040\000T\000h\036\361\000c\000\040\000T\036\277\000\040\000\050\000A\000p\000p\000l\000y\000i\000n\000g\000\040\000t\000o\000\040\000W\000o\000r\000k\000\051}{section.9}% 93
\BOOKMARK [2][-]{subsection.9.6}{\376\377\0006\000.\000\040\000T\000r\036\243\000i\000\040\000N\000g\000h\000i\036\307\000m\000\040\000K\000h\000\363\000a\000\040\000H\036\315\000c\000\040\000\050\000E\000v\000e\000n\000t\000\040\000E\000x\000p\000e\000r\000i\000e\000n\000c\000e\000\051}{section.9}% 94
\BOOKMARK [2][-]{subsection.9.7}{\376\377\0007\000.\000\040\000T\036\325\000n\000g\000\040\000K\036\277\000t\000\040\000\050\000L\000e\000s\000s\000o\000n\000s\000\040\000L\000e\000a\000r\000n\000e\000d\000\051}{section.9}% 95
\BOOKMARK [3][-]{subsubsection.9.7.1}{\376\377\000B\000\341\000o\000\040\000c\000\341\000o\000\040\000T\000h\000u\000\040\000h\000o\036\241\000c\000h\000\040\000E\000v\000e\000n\000t\000\040\0003\000:\000\040\036\350\000n\000g\000\040\000d\036\345\000n\000g\000\040\000A\000g\000e\000n\000t\000i\000c\000\040\000A\000I\000\040\000v\000\340\000\040\000T\000r\036\243\000i\000\040\000n\000g\000h\000i\036\307\000m\000\040\000T\000h\036\361\000c\000\040\000c\000h\000i\036\277\000n\000\040\000H\000a\000c\000k\000a\000t\000h\000o\000n}{subsection.9.7}% 96
\BOOKMARK [1][-]{section.10}{\376\377\000B\000\341\000o\000\040\000c\000\341\000o\000\040\000T\000h\000u\000\040\000h\000o\036\241\000c\000h\000:\000\040\036\350\000n\000g\000\040\000d\036\345\000n\000g\000\040\000A\000g\000e\000n\000t\000i\000c\000\040\000A\000I\000\040\000v\000\340\000\040\000T\000r\036\243\000i\000\040\000n\000g\000h\000i\036\307\000m\000\040\000T\000h\036\361\000c\000\040\000c\000h\000i\036\277\000n\000\040\000H\000a\000c\000k\000a\000t\000h\000o\000n}{}% 97
\BOOKMARK [2][-]{subsection.10.1}{\376\377\0001\000.\000\040\000M\036\345\000c\000\040\000t\000i\000\352\000u\000\040\000S\036\361\000\040\000k\000i\036\307\000n}{section.10}% 98
\BOOKMARK [2][-]{subsection.10.2}{\376\377\0002\000.\000\040\000D\000i\036\305\000n\000\040\000g\000i\036\243\000\040\000K\000h\000\341\000c\000h\000\040\000m\036\335\000i\000\040\000\050\000C\000\341\000c\000\040\001\020\036\331\000i\000\040\000t\000h\000i\000\051}{section.10}% 99
\BOOKMARK [2][-]{subsection.10.3}{\376\377\0003\000.\000\040\000N\000h\036\357\000n\000g\000\040\001\020\000i\036\303\000m\000\040\000N\000h\036\245\000n\000\040\000Q\000u\000a\000n\000\040\000T\000r\036\315\000n\000g\000\040\000\050\000K\000e\000y\000\040\000H\000i\000g\000h\000l\000i\000g\000h\000t\000s\000\051}{section.10}% 100
\BOOKMARK [3][-]{subsubsection.10.3.1}{\376\377\000S\036\361\000\040\000b\036\351\000t\000\040\000p\000h\000\341\000\040\000c\036\347\000a\000\040\000A\000g\000e\000n\000t\000i\000c\000\040\000A\000I\000:\000\040\000K\000h\000i\000\040\000A\000I\000\040\000b\000i\036\277\000t\000\040\000t\036\361\000\040\000l\036\255\000p\000\040\000k\036\277\000\040\000h\000o\036\241\000c\000h\000\040\000v\000\340\000\040\000h\000\340\000n\000h\000\040\001\021\036\331\000n\000g}{subsection.10.3}% 101
\BOOKMARK [3][-]{subsubsection.10.3.2}{\376\377\000H\000\340\000n\000h\000\040\000t\000r\000\354\000n\000h\000\040\0002\0004\000h\000\040\000H\000a\000c\000k\000a\000t\000h\000o\000n\000:\000\040\001\020\036\247\000y\000\040\000h\036\327\000n\000\040\000l\000o\036\241\000n\000\040\000n\000h\001\260\000n\000g\000\040\000v\000\364\000\040\000g\000i\000\341}{subsection.10.3}% 102
\BOOKMARK [2][-]{subsection.10.4}{\376\377\0004\000.\000\040\000B\000\340\000i\000\040\000H\036\315\000c\000\040\001\020\000\372\000c\000\040\000K\036\277\000t\000\040\000\050\000K\000e\000y\000\040\000T\000a\000k\000e\000a\000w\000a\000y\000s\000\051}{section.10}% 103
\BOOKMARK [3][-]{subsubsection.10.4.1}{\376\377\000T\001\260\000\040\000d\000u\000y\000\040\000p\000h\000\341\000t\000\040\000t\000r\000i\036\303\000n\000\040\000s\036\243\000n\000\040\000p\000h\036\251\000m\000\040\000t\000i\000n\000h\000\040\000g\036\315\000n\000\040\000\050\000P\000r\000a\000g\000m\000a\000t\000i\000c\000\040\000M\000V\000P\000\040\000M\000i\000n\000d\000s\000e\000t\000\051}{subsection.10.4}% 104
\BOOKMARK [3][-]{subsubsection.10.4.2}{\376\377\000K\000i\036\277\000n\000\040\000t\000r\000\372\000c\000\040\000l\000i\000n\000h\000\040\000h\000o\036\241\000t\000\040\000v\000\340\000\040\000t\036\321\000i\000\040\001\260\000u\000\040\000h\000\363\000a\000\040\000c\000h\000i\000\040\000p\000h\000\355\000\040\000v\036\255\000n\000\040\000h\000\340\000n\000h\000\040\000\050\000F\000l\000e\000x\000i\000b\000l\000e\000\040\000\046\000\040\000C\000o\000s\000t\000-\000E\000f\000f\000i\000c\000i\000e\000n\000t\000\040\000A\000r\000c\000h\000i\000t\000e\000c\000t\000u\000r\000e\000\051}{subsection.10.4}% 105
\BOOKMARK [3][-]{subsubsection.10.4.3}{\376\377\000G\000i\000\341\000\040\000t\000r\036\313\000\040\000c\036\347\000a\000\040\000c\036\331\000n\000g\000\040\001\021\036\323\000n\000g\000\040\000v\000\340\000\040\000s\036\361\000\040\000b\036\325\000\040\000k\000h\000u\000y\036\277\000t\000\040\001\021\036\331\000i\000\040\000n\000h\000\363\000m\000\040\000\050\000T\000h\000e\000\040\000P\000o\000w\000e\000r\000\040\000o\000f\000\040\000P\000e\000o\000p\000l\000e\000\040\000\046\000\040\000D\000i\000v\000e\000r\000s\000i\000t\000y\000\051}{subsection.10.4}% 106
\BOOKMARK [2][-]{subsection.10.5}{\376\377\0005\000.\000\040\036\350\000n\000g\000\040\000D\036\345\000n\000g\000\040\000V\000\340\000o\000\040\000T\000h\036\361\000c\000\040\000T\036\277\000\040\000\050\000A\000p\000p\000l\000y\000i\000n\000g\000\040\000t\000o\000\040\000W\000o\000r\000k\000\051}{section.10}% 107
\BOOKMARK [2][-]{subsection.10.6}{\376\377\0006\000.\000\040\000T\000r\036\243\000i\000\040\000N\000g\000h\000i\036\307\000m\000\040\000K\000h\000\363\000a\000\040\000H\036\315\000c\000\040\000\050\000E\000v\000e\000n\000t\000\040\000E\000x\000p\000e\000r\000i\000e\000n\000c\000e\000\051}{section.10}% 108
\BOOKMARK [2][-]{subsection.10.7}{\376\377\0007\000.\000\040\000T\036\325\000n\000g\000\040\000K\036\277\000t\000\040\000\050\000L\000e\000s\000s\000o\000n\000s\000\040\000L\000e\000a\000r\000n\000e\000d\000\051}{section.10}% 109
\BOOKMARK [2][-]{subsection.10.8}{\376\377\000W\000o\000r\000k\000s\000h\000o\000p}{section.10}% 110
\BOOKMARK [3][-]{subsubsection.10.8.1}{\376\377\000T\036\325\000n\000g\000\040\000q\000u\000a\000n\000\040\000W\000o\000r\000k\000s\000h\000o\000p}{subsection.10.8}% 111
\BOOKMARK [1][-]{section.11}{\376\377\000N\000e\000w\000s\000\040\000R\000A\000G\000\040\000P\000i\000p\000e\000l\000i\000n\000e\000\040\000t\000r\000\352\000n\000\040\000A\000W\000S\000\040\040\024\000\040\000T\036\325\000n\000g\000\040\000q\000u\000a\000n\000\040\000W\000o\000r\000k\000s\000h\000o\000p}{}% 112
\BOOKMARK [2][-]{subsection.11.1}{\376\377\000K\000i\036\277\000n\000\040\000t\000r\000\372\000c\000\040\000W\000o\000r\000k\000s\000h\000o\000p}{section.11}% 113
\BOOKMARK [2][-]{subsection.11.2}{\376\377\000M\036\345\000c\000\040\000t\000i\000\352\000u\000\040\000h\036\315\000c\000\040\000t\036\255\000p}{section.11}% 114
\BOOKMARK [2][-]{subsection.11.3}{\376\377\000C\000\341\000c\000\040\000M\000o\000d\000u\000l\000e\000\040\000W\000o\000r\000k\000s\000h\000o\000p}{section.11}% 115
\BOOKMARK [2][-]{subsection.11.4}{\376\377\001\020\000i\036\301\000u\000\040\000k\000i\036\307\000n\000\040\000t\000i\000\352\000n\000\040\000q\000u\000y\036\277\000t}{section.11}% 116
\BOOKMARK [2][-]{subsection.11.5}{\376\377\001\257\036\333\000c\000\040\000l\001\260\036\343\000n\000g\000\040\000c\000h\000i\000\040\000p\000h\000\355\000\040\000\050\000H\000\340\000n\000g\000\040\000t\000h\000\341\000n\000g\000,\000\040\000a\000p\000-\000s\000o\000u\000t\000h\000e\000a\000s\000t\000-\0002\000\051}{section.11}% 117
\BOOKMARK [2][-]{subsection.11.6}{\376\377\000C\036\245\000u\000\040\000t\000r\000\372\000c\000\040\000d\036\361\000\040\000\341\000n}{section.11}% 118
\BOOKMARK [2][-]{subsection.11.7}{\376\377\000S\000o\000\040\000s\000\341\000n\000h\000\040\000K\000i\036\277\000n\000\040\000t\000r\000\372\000c\000:\000\040\000v\0001\000\040\000v\000s\000\040\000v\0002}{section.11}% 119
\BOOKMARK [3][-]{subsubsection.11.7.1}{\376\377\001\020\000i\036\301\000u\000\040\000k\000i\036\307\000n\000\040\000t\000i\000\352\000n\000\040\000q\000u\000y\036\277\000t}{subsection.11.7}% 120
\BOOKMARK [1][-]{section.12}{\376\377\001\020\000i\036\301\000u\000\040\000k\000i\036\307\000n\000\040\000t\000i\000\352\000n\000\040\000q\000u\000y\036\277\000t}{}% 121
\BOOKMARK [2][-]{subsection.12.1}{\376\377\000T\000\340\000i\000\040\000k\000h\000o\036\243\000n\000\040\000\046\000\040\000Q\000u\000y\036\301\000n\000\040\000c\036\247\000n\000\040\000t\000h\000i\036\277\000t}{section.12}% 122
\BOOKMARK [3][-]{subsubsection.12.1.1}{\376\377\000T\000\340\000i\000\040\000k\000h\000o\036\243\000n\000\040\000A\000W\000S}{subsection.12.1}% 123
\BOOKMARK [3][-]{subsubsection.12.1.2}{\376\377\000A\000P\000I\000\040\000K\000e\000y\000s\000\040\000b\000\352\000n\000\040\000n\000g\000o\000\340\000i\000\040\000\050\000c\000h\000o\000\040\000R\000A\000G\000\051}{subsection.12.1}% 124
\BOOKMARK [2][-]{subsection.12.2}{\376\377\000C\000\364\000n\000g\000\040\000c\036\345\000\040\000b\036\257\000t\000\040\000b\000u\036\331\000c}{section.12}% 125
\BOOKMARK [3][-]{subsubsection.12.2.1}{\376\377\0001\000.\000\040\000A\000W\000S\000\040\000C\000L\000I\000\040\000v\0002}{subsection.12.2}% 126
\BOOKMARK [3][-]{subsubsection.12.2.2}{\376\377\0002\000.\000\040\000T\000e\000r\000r\000a\000f\000o\000r\000m\000\040\000>\000=\000\040\0001\000.\0005\000.\0000}{subsection.12.2}% 127
\BOOKMARK [3][-]{subsubsection.12.2.3}{\376\377\0003\000.\000\040\000D\000o\000c\000k\000e\000r\000\040\000\046\000\040\000D\000o\000c\000k\000e\000r\000\040\000C\000o\000m\000p\000o\000s\000e}{subsection.12.2}% 128
\BOOKMARK [3][-]{subsubsection.12.2.4}{\376\377\0004\000.\000\040\000P\000y\000t\000h\000o\000n\000\040\0003\000.\0001\0000\000+}{subsection.12.2}% 129
\BOOKMARK [3][-]{subsubsection.12.2.5}{\376\377\0005\000.\000\040\000G\000i\000t}{subsection.12.2}% 130
\BOOKMARK [3][-]{subsubsection.12.2.6}{\376\377\0006\000.\000\040\000T\000r\000\354\000n\000h\000\040\000s\000o\036\241\000n\000\040\000t\000h\036\243\000o\000\040\000m\000\343\000\040\000\050\000K\000h\000u\000y\036\277\000n\000\040\000n\000g\000h\036\313\000:\000\040\000V\000S\000\040\000C\000o\000d\000e\000\051}{subsection.12.2}% 131
\BOOKMARK [2][-]{subsection.12.3}{\376\377\000T\000h\000i\036\277\000t\000\040\000l\036\255\000p\000\040\000d\036\361\000\040\000\341\000n}{section.12}% 132
\BOOKMARK [3][-]{subsubsection.12.3.1}{\376\377\000C\000l\000o\000n\000e\000\040\000R\000e\000p\000o\000s\000i\000t\000o\000r\000y}{subsection.12.3}% 133
\BOOKMARK [3][-]{subsubsection.12.3.2}{\376\377\000M\000\364\000i\000\040\000t\000r\001\260\036\335\000n\000g\000\040\036\243\000o\000\040\000P\000y\000t\000h\000o\000n}{subsection.12.3}% 134
\BOOKMARK [3][-]{subsubsection.12.3.3}{\376\377\000B\000i\036\277\000n\000\040\000m\000\364\000i\000\040\000t\000r\001\260\036\335\000n\000g}{subsection.12.3}% 135
\BOOKMARK [3][-]{subsubsection.12.3.4}{\376\377\000B\000i\036\277\000n\000\040\000T\000e\000r\000r\000a\000f\000o\000r\000m}{subsection.12.3}% 136
\BOOKMARK [2][-]{subsection.12.4}{\376\377\000X\000\341\000c\000\040\000m\000i\000n\000h\000\040\000t\000h\000i\036\277\000t\000\040\000l\036\255\000p}{section.12}% 137
\BOOKMARK [2][-]{subsection.12.5}{\376\377\000K\000h\000u\000\040\000v\036\361\000c\000\040\000A\000W\000S\000\040\000\050\000R\000e\000g\000i\000o\000n\000\051}{section.12}% 138
\BOOKMARK [2][-]{subsection.12.6}{\376\377\000T\000r\000u\000y\000\040\000c\036\255\000p\000\040\000M\000o\000d\000e\000l\000\040\000B\000e\000d\000r\000o\000c\000k}{section.12}% 139
\BOOKMARK [3][-]{subsubsection.12.6.1}{\376\377\000H\036\241\000\040\000t\036\247\000n\000g\000\040\000d\001\260\036\333\000i\000\040\000d\036\241\000n\000g\000\040\000C\000o\000d\000e\000\040\000\050\000T\000e\000r\000r\000a\000f\000o\000r\000m\000\051}{subsection.12.6}% 140
\BOOKMARK [1][-]{section.13}{\376\377\000H\036\241\000\040\000t\036\247\000n\000g\000\040\000d\001\260\036\333\000i\000\040\000d\036\241\000n\000g\000\040\000C\000o\000d\000e\000\040\000\050\000T\000e\000r\000r\000a\000f\000o\000r\000m\000\051}{}% 141
\BOOKMARK [2][-]{subsection.13.1}{\376\377\000K\000i\036\277\000n\000\040\000t\000r\000\372\000c\000\040\000T\000e\000r\000r\000a\000f\000o\000r\000m}{section.13}% 142
\BOOKMARK [2][-]{subsection.13.2}{\376\377\0001\000.\000\040\000V\000P\000C\000\040\000\046\000\040\000N\000e\000t\000w\000o\000r\000k\000\040\000\050\000m\000a\000i\000n\000.\000t\000f\000:\0004\0000\000-\0008\0000\000\051}{section.13}% 143
\BOOKMARK [2][-]{subsection.13.3}{\376\377\0002\000.\000\040\000S\000e\000c\000u\000r\000i\000t\000y\000\040\000G\000r\000o\000u\000p\000s\000\040\000\050\000m\000a\000i\000n\000.\000t\000f\000:\0008\0002\000-\0001\0001\0004\000\051}{section.13}% 144
\BOOKMARK [2][-]{subsection.13.4}{\376\377\0003\000.\000\040\000A\000u\000r\000o\000r\000a\000\040\000P\000o\000s\000t\000g\000r\000e\000S\000Q\000L\000\040\000S\000e\000r\000v\000e\000r\000l\000e\000s\000s\000\040\000v\0002\000\040\000\050\000m\000a\000i\000n\000.\000t\000f\000:\0001\0001\0006\000-\0001\0004\0004\000\051}{section.13}% 145
\BOOKMARK [2][-]{subsection.13.5}{\376\377\0004\000.\000\040\000E\000C\000R\000\040\000R\000e\000p\000o\000s\000i\000t\000o\000r\000y\000\040\000\050\000m\000a\000i\000n\000.\000t\000f\000:\0001\0004\0007\000\051}{section.13}% 146
\BOOKMARK [2][-]{subsection.13.6}{\376\377\0005\000.\000\040\000E\000C\000S\000\040\000C\000l\000u\000s\000t\000e\000r\000\040\000\050\000m\000a\000i\000n\000.\000t\000f\000:\0001\0005\0000\000\051}{section.13}% 147
\BOOKMARK [2][-]{subsection.13.7}{\376\377\0006\000.\000\040\000I\000A\000M\000\040\000R\000o\000l\000e\000s\000\040\000\050\000m\000a\000i\000n\000.\000t\000f\000:\0001\0005\0002\000-\0001\0008\0000\000\051}{section.13}% 148
\BOOKMARK [2][-]{subsection.13.8}{\376\377\0007\000.\000\040\000C\000l\000o\000u\000d\000W\000a\000t\000c\000h\000\040\000L\000o\000g\000\040\000G\000r\000o\000u\000p\000\040\000\050\000m\000a\000i\000n\000.\000t\000f\000:\0001\0008\0003\000-\0001\0008\0006\000\051}{section.13}% 149
\BOOKMARK [2][-]{subsection.13.9}{\376\377\0008\000.\000\040\000B\000i\036\277\000n\000\040\000m\000\364\000i\000\040\000t\000r\001\260\036\335\000n\000g\000\040\000c\000h\000u\000n\000g\000\040\000\050\000m\000a\000i\000n\000.\000t\000f\000:\0001\0008\0009\000-\0002\0001\0008\000\051}{section.13}% 150
\BOOKMARK [2][-]{subsection.13.10}{\376\377\0009\000.\000\040\000E\000C\000S\000\040\000T\000a\000s\000k\000\040\000D\000e\000f\000i\000n\000i\000t\000i\000o\000n\000s\000\040\000\050\000m\000a\000i\000n\000.\000t\000f\000:\0002\0002\0002\000-\0002\0009\0002\000\051}{section.13}% 151
\BOOKMARK [2][-]{subsection.13.11}{\376\377\0001\0000\000.\000\040\000E\000v\000e\000n\000t\000B\000r\000i\000d\000g\000e\000\040\000S\000c\000h\000e\000d\000u\000l\000e\000r\000\040\000\050\000m\000a\000i\000n\000.\000t\000f\000:\0002\0009\0004\000-\0003\0005\0007\000\051}{section.13}% 152
\BOOKMARK [2][-]{subsection.13.12}{\376\377\0001\0001\000.\000\040\000V\000a\000r\000i\000a\000b\000l\000e\000s\000\040\000\050\000m\000a\000i\000n\000.\000t\000f\000:\0005\000-\0003\0008\000\051}{section.13}% 153
\BOOKMARK [2][-]{subsection.13.13}{\376\377\0001\0002\000.\000\040\000O\000u\000t\000p\000u\000t\000s\000\040\000\050\000m\000a\000i\000n\000.\000t\000f\000:\0003\0006\0000\000-\0003\0007\0000\000\051}{section.13}% 154
\BOOKMARK [2][-]{subsection.13.14}{\376\377\000T\000r\000i\036\303\000n\000\040\000k\000h\000a\000i}{section.13}% 155
\BOOKMARK [2][-]{subsection.13.15}{\376\377\000K\000h\036\337\000i\000\040\000t\036\241\000o\000\040\000D\000a\000t\000a\000b\000a\000s\000e\000\040\000S\000c\000h\000e\000m\000a}{section.13}% 156
\BOOKMARK [2][-]{subsection.13.16}{\376\377\000X\000\341\000c\000\040\000m\000i\000n\000h\000\040\000t\000r\000i\036\303\000n\000\040\000k\000h\000a\000i}{section.13}% 157
\BOOKMARK [2][-]{subsection.13.17}{\376\377\001\257\036\333\000c\000\040\000l\001\260\036\343\000n\000g\000\040\000c\000h\000i\000\040\000p\000h\000\355\000\040\000\050\000H\000\340\000n\000g\000\040\000t\000h\000\341\000n\000g\000,\000\040\000a\000p\000-\000s\000o\000u\000t\000h\000e\000a\000s\000t\000-\0002\000\051}{section.13}% 158
\BOOKMARK [2][-]{subsection.13.18}{\376\377\000D\036\315\000n\000\040\000d\036\271\000p}{section.13}% 159
\BOOKMARK [3][-]{subsubsection.13.18.1}{\376\377\000T\000h\000i\036\277\000t\000\040\000l\036\255\000p\000\040\000p\000h\000\341\000t\000\040\000t\000r\000i\036\303\000n\000\040\000c\036\345\000c\000\040\000b\036\331}{subsection.13.18}% 160
\BOOKMARK [1][-]{section.14}{\376\377\000T\000h\000i\036\277\000t\000\040\000l\036\255\000p\000\040\000p\000h\000\341\000t\000\040\000t\000r\000i\036\303\000n\000\040\000c\036\345\000c\000\040\000b\036\331}{}% 161
\BOOKMARK [2][-]{subsection.14.1}{\376\377\000T\036\325\000n\000g\000\040\000q\000u\000a\000n\000\040\000k\000i\036\277\000n\000\040\000t\000r\000\372\000c\000\040\000\050\000L\000o\000c\000a\000l\000\051}{section.14}% 162
\BOOKMARK [2][-]{subsection.14.2}{\376\377\000C\000\341\000c\000\040\000d\036\313\000c\000h\000\040\000v\036\345\000\040\000D\000o\000c\000k\000e\000r\000\040\000C\000o\000m\000p\000o\000s\000e}{section.14}% 163
\BOOKMARK [2][-]{subsection.14.3}{\376\377\000K\000h\036\337\000i\000\040\001\021\036\331\000n\000g\000\040\000m\000\364\000i\000\040\000t\000r\001\260\036\335\000n\000g}{section.14}% 164
\BOOKMARK [2][-]{subsection.14.4}{\376\377\000X\000\341\000c\000\040\000m\000i\000n\000h\000\040\000c\000\341\000c\000\040\000d\036\313\000c\000h\000\040\000v\036\345}{section.14}% 165
\BOOKMARK [3][-]{subsubsection.14.4.1}{\376\377\000P\000o\000s\000t\000g\000r\000e\000S\000Q\000L}{subsection.14.4}% 166
\BOOKMARK [3][-]{subsubsection.14.4.2}{\376\377\000Q\000d\000r\000a\000n\000t}{subsection.14.4}% 167
\BOOKMARK [3][-]{subsubsection.14.4.3}{\376\377\000K\000a\000f\000k\000a}{subsection.14.4}% 168
\BOOKMARK [3][-]{subsubsection.14.4.4}{\376\377\000K\000a\000f\000k\000a\000\040\000U\000I}{subsection.14.4}% 169
\BOOKMARK [2][-]{subsection.14.5}{\376\377\000T\000h\000i\036\277\000t\000\040\000l\036\255\000p\000\040\000m\000\364\000i\000\040\000t\000r\001\260\036\335\000n\000g\000\040\000P\000y\000t\000h\000o\000n}{section.14}% 170
\BOOKMARK [3][-]{subsubsection.14.5.1}{\376\377\000r\000e\000q\000u\000i\000r\000e\000m\000e\000n\000t\000s\000.\000t\000x\000t}{subsection.14.5}% 171
\BOOKMARK [2][-]{subsection.14.6}{\376\377\000C\036\245\000u\000\040\000h\000\354\000n\000h\000\040\000b\000i\036\277\000n\000\040\000m\000\364\000i\000\040\000t\000r\001\260\036\335\000n\000g}{section.14}% 172
\BOOKMARK [2][-]{subsection.14.7}{\376\377\000C\000h\036\241\000y\000\040\000P\000i\000p\000e\000l\000i\000n\000e\000\040\000c\036\345\000c\000\040\000b\036\331}{section.14}% 173
\BOOKMARK [3][-]{subsubsection.14.7.1}{\376\377\0001\000.\000\040\000C\000r\000a\000w\000l\000\040\000t\000i\000n\000\040\000t\036\351\000c\000\040\000\050\000S\000c\000r\000a\000p\000y\000\040\000\134\000r\000i\000g\000h\000t\000a\000r\000r\000o\000w\000\040\000K\000a\000f\000k\000a\000\051}{subsection.14.7}% 174
\BOOKMARK [3][-]{subsubsection.14.7.2}{\376\377\0002\000.\000\040\000C\000h\036\241\000y\000\040\000E\000T\000L\000\040\000\050\000P\000o\000s\000t\000g\000r\000e\000S\000Q\000L\000\040\000\134\000r\000i\000g\000h\000t\000a\000r\000r\000o\000w\000\040\000S\000t\000a\000r\000\040\000S\000c\000h\000e\000m\000a\000\051}{subsection.14.7}% 175
\BOOKMARK [3][-]{subsubsection.14.7.3}{\376\377\0003\000.\000\040\000V\000e\000c\000t\000o\000r\000i\000z\000e\000\040\000\050\000S\000t\000a\000r\000\040\000S\000c\000h\000e\000m\000a\000\040\000\134\000r\000i\000g\000h\000t\000a\000r\000r\000o\000w\000\040\000Q\000d\000r\000a\000n\000t\000\051}{subsection.14.7}% 176
\BOOKMARK [3][-]{subsubsection.14.7.4}{\376\377\0004\000.\000\040\000C\000h\036\241\000y\000\040\000F\000u\000l\000l\000\040\000P\000i\000p\000e\000l\000i\000n\000e\000\040\000\050\000T\036\361\000\040\001\021\036\331\000n\000g\000\051}{subsection.14.7}% 177
\BOOKMARK [3][-]{subsubsection.14.7.5}{\376\377\0005\000.\000\040\000T\000e\000s\000t\000\040\000R\000A\000G\000\040\000A\000P\000I\000\040\000\050\000I\000n\000t\000e\000r\000a\000c\000t\000i\000v\000e\000\051}{subsection.14.7}% 178
\BOOKMARK [2][-]{subsection.14.8}{\376\377\000M\000a\000k\000e\000f\000i\000l\000e\000\040\000C\000o\000m\000m\000a\000n\000d\000s}{section.14}% 179
\BOOKMARK [2][-]{subsection.14.9}{\376\377\000X\036\355\000\040\000l\000\375\000\040\000s\036\361\000\040\000c\036\321}{section.14}% 180
\BOOKMARK [2][-]{subsection.14.10}{\376\377\000Q\000u\000y\000\040\000t\000r\000\354\000n\000h\000\040\000p\000h\000\341\000t\000\040\000t\000r\000i\036\303\000n}{section.14}% 181
\BOOKMARK [2][-]{subsection.14.11}{\376\377\000B\001\260\036\333\000c\000\040\000t\000i\036\277\000p\000\040\000t\000h\000e\000o}{section.14}% 182
\BOOKMARK [3][-]{subsubsection.14.11.1}{\376\377\000P\000h\000\341\000t\000\040\000t\000r\000i\036\303\000n\000\040\000C\000r\000a\000w\000l\000e\000r}{subsection.14.11}% 183
\BOOKMARK [1][-]{section.15}{\376\377\000P\000h\000\341\000t\000\040\000t\000r\000i\036\303\000n\000\040\000C\000r\000a\000w\000l\000e\000r}{}% 184
\BOOKMARK [2][-]{subsection.15.1}{\376\377\000T\036\241\000i\000\040\000s\000a\000o\000\040\000d\000\371\000n\000g\000\040\000S\000i\000t\000e\000m\000a\000p\000S\000p\000i\000d\000e\000r\000?}{section.15}% 185
\BOOKMARK [2][-]{subsection.15.2}{\376\377\000C\036\245\000u\000\040\000t\000r\000\372\000c\000\040\000d\036\361\000\040\000\341\000n}{section.15}% 186
\BOOKMARK [2][-]{subsection.15.3}{\376\377\000C\036\245\000u\000\040\000h\000\354\000n\000h\000\040\000\050\000c\000o\000n\000f\000i\000g\000/\000c\000o\000n\000f\000i\000g\000\137\000s\000i\000t\000e\000.\000j\000s\000o\000n\000\051}{section.15}% 187
\BOOKMARK [2][-]{subsection.15.4}{\376\377\000C\000\340\000i\000\040\001\021\036\267\000t\000\040\000S\000c\000r\000a\000p\000y\000\040\000\050\000c\000r\000a\000w\000l\000e\000r\000/\000s\000e\000t\000t\000i\000n\000g\000s\000.\000p\000y\000\051}{section.15}% 188
\BOOKMARK [2][-]{subsection.15.5}{\376\377\000I\000t\000e\000m\000s\000\040\000\050\000c\000r\000a\000w\000l\000e\000r\000/\000i\000t\000e\000m\000s\000.\000p\000y\000\051}{section.15}% 189
\BOOKMARK [2][-]{subsection.15.6}{\376\377\000S\000i\000t\000e\000m\000a\000p\000S\000p\000i\000d\000e\000r\000\040\000I\000m\000p\000l\000e\000m\000e\000n\000t\000a\000t\000i\000o\000n\000\040\000\050\000c\000r\000a\000w\000l\000e\000r\000/\000s\000p\000i\000d\000e\000r\000s\000/\000s\000p\000i\000d\000e\000r\000.\000p\000y\000\051}{section.15}% 190
\BOOKMARK [2][-]{subsection.15.7}{\376\377\000K\000a\000f\000k\000a\000\040\000P\000i\000p\000e\000l\000i\000n\000e\000\040\000\050\000c\000r\000a\000w\000l\000e\000r\000/\000p\000i\000p\000e\000l\000i\000n\000e\000s\000.\000p\000y\000\051}{section.15}% 191
\BOOKMARK [2][-]{subsection.15.8}{\376\377\000C\000h\036\241\000y\000\040\000C\000r\000a\000w\000l\000e\000r}{section.15}% 192
\BOOKMARK [3][-]{subsubsection.15.8.1}{\376\377\000L\000o\000c\000a\000l\000\040\000D\000e\000v\000e\000l\000o\000p\000m\000e\000n\000t\000\040\000\050\000v\036\333\000i\000\040\000D\000o\000c\000k\000e\000r\000\040\000C\000o\000m\000p\000o\000s\000e\000\051}{subsection.15.8}% 193
\BOOKMARK [3][-]{subsubsection.15.8.2}{\376\377\000O\000u\000t\000p\000u\000t\000\040\000m\000o\000n\000g\000\040\001\021\036\343\000i}{subsection.15.8}% 194
\BOOKMARK [3][-]{subsubsection.15.8.3}{\376\377\000X\000\341\000c\000\040\000m\000i\000n\000h\000\040\000K\000a\000f\000k\000a\000\040\000M\000e\000s\000s\000a\000g\000e\000s}{subsection.15.8}% 195
\BOOKMARK [2][-]{subsection.15.9}{\376\377\000D\000o\000c\000k\000e\000r\000f\000i\000l\000e\000\040\000c\000h\000o\000\040\000F\000a\000r\000g\000a\000t\000e\000\040\000\050\000M\000u\000l\000t\000i\000-\000s\000t\000a\000g\000e\000\051}{section.15}% 196
\BOOKMARK [2][-]{subsection.15.10}{\376\377\000B\000u\000i\000l\000d\000\040\000\046\000\040\000T\000e\000s\000t\000\040\000c\036\345\000c\000\040\000b\036\331}{section.15}% 197
\BOOKMARK [2][-]{subsection.15.11}{\376\377\000T\000h\000\352\000m\000\040\000t\000r\000a\000n\000g\000\040\000t\000i\000n\000\040\000t\036\351\000c\000\040\000m\036\333\000i}{section.15}% 198
\BOOKMARK [2][-]{subsection.15.12}{\376\377\000V\036\245\000n\000\040\001\021\036\301\000\040\000t\000h\001\260\036\335\000n\000g\000\040\000g\036\267\000p\000\040\000\046\000\040\000K\000h\036\257\000c\000\040\000p\000h\036\345\000c}{section.15}% 199
\BOOKMARK [2][-]{subsection.15.13}{\376\377\000B\001\260\036\333\000c\000\040\000t\000i\036\277\000p\000\040\000t\000h\000e\000o}{section.15}% 200
\BOOKMARK [3][-]{subsubsection.15.13.1}{\376\377\000N\000h\036\255\000p\000\040\000d\036\357\000\040\000l\000i\036\307\000u\000\040\000\050\000K\000a\000f\000k\000a\000\040\000C\000o\000n\000s\000u\000m\000e\000r\000\040\041\222\000\040\000P\000o\000s\000t\000g\000r\000e\000S\000Q\000L\000\051}{subsection.15.13}% 201
\BOOKMARK [1][-]{section.16}{\376\377\000N\000h\036\255\000p\000\040\000d\036\357\000\040\000l\000i\036\307\000u\000:\000\040\000K\000a\000f\000k\000a\000\040\000C\000o\000n\000s\000u\000m\000e\000r\000\040\000\134\000r\000i\000g\000h\000t\000a\000r\000r\000o\000w\000\040\000P\000o\000s\000t\000g\000r\000e\000S\000Q\000L}{}% 202
\BOOKMARK [2][-]{subsection.16.1}{\376\377\000K\000i\036\277\000n\000\040\000t\000r\000\372\000c}{section.16}% 203
\BOOKMARK [2][-]{subsection.16.2}{\376\377\000D\000a\000t\000a\000b\000a\000s\000e\000\040\000S\000c\000h\000e\000m\000a\000\040\000\050\000R\000a\000w\000\040\000T\000a\000b\000l\000e\000\051}{section.16}% 204
\BOOKMARK [2][-]{subsection.16.3}{\376\377\000C\000o\000n\000s\000u\000m\000e\000r\000\040\000I\000m\000p\000l\000e\000m\000e\000n\000t\000a\000t\000i\000o\000n\000\040\000\050\000c\000o\000n\000s\000u\000m\000e\000r\000/\000c\000o\000n\000s\000u\000m\000e\000r\000.\000p\000y\000\051}{section.16}% 205
\BOOKMARK [2][-]{subsection.16.4}{\376\377\000C\000h\036\241\000y\000\040\000c\036\345\000c\000\040\000b\036\331}{section.16}% 206
\BOOKMARK [2][-]{subsection.16.5}{\376\377\000X\000\341\000c\000\040\000m\000i\000n\000h\000\040\000d\036\357\000\040\000l\000i\036\307\000u\000\040\000t\000r\000o\000n\000g\000\040\000P\000o\000s\000t\000g\000r\000e\000S\000Q\000L}{section.16}% 207
\BOOKMARK [2][-]{subsection.16.6}{\376\377\000A\000W\000S\000\040\000L\000a\000m\000b\000d\000a\000\040\000V\000e\000r\000s\000i\000o\000n\000\040\000\050\000P\000r\000o\000d\000u\000c\000t\000i\000o\000n\000\051}{section.16}% 208
\BOOKMARK [2][-]{subsection.16.7}{\376\377\000X\036\355\000\040\000l\000\375\000\040\000s\036\361\000\040\000c\036\321}{section.16}% 209
\BOOKMARK [2][-]{subsection.16.8}{\376\377\000B\001\260\036\333\000c\000\040\000t\000i\036\277\000p\000\040\000t\000h\000e\000o}{section.16}% 210
\BOOKMARK [3][-]{subsubsection.16.8.1}{\376\377\000E\000T\000L\000\040\000\046\000\040\000S\000t\000a\000r\000\040\000S\000c\000h\000e\000m\000a}{subsection.16.8}% 211
\BOOKMARK [1][-]{section.17}{\376\377\000E\000T\000L\000\040\000\046\000\040\000S\000t\000a\000r\000\040\000S\000c\000h\000e\000m\000a\000\040\000T\000r\000a\000n\000s\000f\000o\000r\000m\000a\000t\000i\000o\000n}{}% 212
\BOOKMARK [2][-]{subsection.17.1}{\376\377\000S\000t\000a\000r\000\040\000S\000c\000h\000e\000m\000a\000\040\000D\000e\000s\000i\000g\000n}{section.17}% 213
\BOOKMARK [2][-]{subsection.17.2}{\376\377\000D\000i\000m\000e\000n\000s\000i\000o\000n\000\040\000T\000a\000b\000l\000e\000s}{section.17}% 214
\BOOKMARK [3][-]{subsubsection.17.2.1}{\376\377\000d\000i\000m\000\137\000s\000o\000u\000r\000c\000e\000\040\040\024\000\040\000N\000g\000u\036\323\000n\000\040\000t\000i\000n}{subsection.17.2}% 215
\BOOKMARK [3][-]{subsubsection.17.2.2}{\376\377\000d\000i\000m\000\137\000t\000i\000m\000e\000\040\040\024\000\040\000T\000i\000m\000e\000\040\000D\000i\000m\000e\000n\000s\000i\000o\000n}{subsection.17.2}% 216
\BOOKMARK [3][-]{subsubsection.17.2.3}{\376\377\000d\000i\000m\000\137\000c\000o\000n\000t\000e\000n\000t\000\040\040\024\000\040\000N\036\331\000i\000\040\000d\000u\000n\000g\000\040\000b\000\340\000i\000\040\000v\000i\036\277\000t}{subsection.17.2}% 217
\BOOKMARK [3][-]{subsubsection.17.2.4}{\376\377\000d\000i\000m\000\137\000a\000u\000t\000h\000o\000r\000\040\040\024\000\040\000T\000\341\000c\000\040\000g\000i\036\243}{subsection.17.2}% 218
\BOOKMARK [2][-]{subsection.17.3}{\376\377\000F\000a\000c\000t\000\040\000T\000a\000b\000l\000e\000s}{section.17}% 219
\BOOKMARK [3][-]{subsubsection.17.3.1}{\376\377\000f\000a\000c\000t\000\137\000a\000r\000t\000i\000c\000l\000e\000s\000\040\040\024\000\040\000C\000o\000r\000e\000\040\000F\000a\000c\000t\000\040\000T\000a\000b\000l\000e}{subsection.17.3}% 220
\BOOKMARK [3][-]{subsubsection.17.3.2}{\376\377\000f\000a\000c\000t\000\137\000a\000r\000t\000i\000c\000l\000e\000\137\000a\000u\000t\000h\000o\000r\000s\000\040\040\024\000\040\000M\000a\000n\000y\000-\000t\000o\000-\000M\000a\000n\000y\000\040\000B\000r\000i\000d\000g\000e}{subsection.17.3}% 221
\BOOKMARK [3][-]{subsubsection.17.3.3}{\376\377\000f\000a\000c\000t\000\137\000c\000h\000u\000n\000k\000s\000\040\040\024\000\040\000R\000A\000G\000\040\000V\000e\000c\000t\000o\000r\000\040\000C\000h\000u\000n\000k\000s\000\040\000\050\000w\000i\000t\000h\000\040\000p\000g\000v\000e\000c\000t\000o\000r\000\051}{subsection.17.3}% 222
\BOOKMARK [2][-]{subsection.17.4}{\376\377\000E\000T\000L\000\040\000P\000r\000o\000c\000e\000s\000s\000\040\000\050\000e\000t\000l\000/\000e\000t\000l\000\137\000w\000a\000r\000e\000h\000o\000u\000s\000e\000.\000p\000y\000\051}{section.17}% 223
\BOOKMARK [2][-]{subsection.17.5}{\376\377\000C\000h\036\241\000y\000\040\000E\000T\000L\000\040\000c\036\345\000c\000\040\000b\036\331}{section.17}% 224
\BOOKMARK [2][-]{subsection.17.6}{\376\377\000X\000\341\000c\000\040\000m\000i\000n\000h\000\040\000S\000t\000a\000r\000\040\000S\000c\000h\000e\000m\000a}{section.17}% 225
\BOOKMARK [2][-]{subsection.17.7}{\376\377\000A\000W\000S\000\040\000L\000a\000m\000b\000d\000a\000\040\000V\000e\000r\000s\000i\000o\000n\000\040\000\050\000P\000r\000o\000d\000u\000c\000t\000i\000o\000n\000\051}{section.17}% 226
\BOOKMARK [3][-]{subsubsection.17.7.1}{\376\377\000V\000e\000c\000t\000o\000r\000\040\000h\000\363\000a\000\040\000\050\000L\000o\000c\000a\000l\000\040\000D\000e\000v\000\040\000-\000\040\000S\000e\000n\000t\000e\000n\000c\000e\000T\000r\000a\000n\000s\000f\000o\000r\000m\000e\000r\000\040\041\222\000\040\000Q\000d\000r\000a\000n\000t\000\051}{subsection.17.7}% 227
\BOOKMARK [1][-]{section.18}{\376\377\000V\000e\000c\000t\000o\000r\000\040\000h\000\363\000a\000:\000\040\000T\036\241\000o\000\040\000E\000m\000b\000e\000d\000d\000i\000n\000g\000s\000\040\000\046\000\040\000L\001\260\000u\000\040\000v\000\340\000o\000\040\000V\000e\000c\000t\000o\000r\000\040\000D\000B}{}% 228
\BOOKMARK [2][-]{subsection.18.1}{\376\377\000K\000i\036\277\000n\000\040\000t\000r\000\372\000c}{section.18}% 229
\BOOKMARK [3][-]{subsubsection.18.1.1}{\376\377\000P\000h\000\341\000t\000\040\000t\000r\000i\036\303\000n\000\040\000c\036\345\000c\000\040\000b\036\331\000\040\000\050\000Q\000d\000r\000a\000n\000t\000\051}{subsection.18.1}% 230
\BOOKMARK [3][-]{subsubsection.18.1.2}{\376\377\000A\000W\000S\000\040\000P\000r\000o\000d\000u\000c\000t\000i\000o\000n\000\040\000\050\000A\000u\000r\000o\000r\000a\000\040\000p\000g\000v\000e\000c\000t\000o\000r\000\051}{subsection.18.1}% 231
\BOOKMARK [2][-]{subsection.18.2}{\376\377\000V\000e\000c\000t\000o\000r\000i\000z\000a\000t\000i\000o\000n\000\040\000I\000m\000p\000l\000e\000m\000e\000n\000t\000a\000t\000i\000o\000n\000\040\000\050\000v\000e\000c\000t\000o\000r\000i\000z\000e\000/\000v\000e\000c\000t\000o\000r\000i\000z\000e\000.\000p\000y\000\051}{section.18}% 232
\BOOKMARK [2][-]{subsection.18.3}{\376\377\000C\000h\036\241\000y\000\040\000V\000e\000c\000t\000o\000r\000\040\000h\000\363\000a\000\040\000c\036\345\000c\000\040\000b\036\331}{section.18}% 233
\BOOKMARK [2][-]{subsection.18.4}{\376\377\000Q\000d\000r\000a\000n\000t\000\040\000C\000o\000l\000l\000e\000c\000t\000i\000o\000n\000\040\000S\000c\000h\000e\000m\000a}{section.18}% 234
\BOOKMARK [2][-]{subsection.18.5}{\376\377\000C\000h\036\241\000y\000\040\000V\000e\000c\000t\000o\000r\000\040\000h\000\363\000a\000\040\000t\000r\000o\000n\000g\000\040\000M\000a\000i\000n\000\040\000P\000i\000p\000e\000l\000i\000n\000e}{section.18}% 235
\BOOKMARK [2][-]{subsection.18.6}{\376\377\000A\000W\000S\000\040\000P\000r\000o\000d\000u\000c\000t\000i\000o\000n\000:\000\040\000B\000e\000d\000r\000o\000c\000k\000\040\000+\000\040\000p\000g\000v\000e\000c\000t\000o\000r}{section.18}% 236
\BOOKMARK [2][-]{subsection.18.7}{\376\377\000H\000N\000S\000W\000\040\000I\000n\000d\000e\000x\000\040\000o\000n\000\040\000p\000g\000v\000e\000c\000t\000o\000r\000\040\000\050\000A\000u\000r\000o\000r\000a\000\051}{section.18}% 237
\BOOKMARK [2][-]{subsection.18.8}{\376\377\000X\036\355\000\040\000l\000\375\000\040\000s\036\361\000\040\000c\036\321}{section.18}% 238
\BOOKMARK [2][-]{subsection.18.9}{\376\377\000B\001\260\036\333\000c\000\040\000t\000i\036\277\000p\000\040\000t\000h\000e\000o}{section.18}% 239
\BOOKMARK [3][-]{subsubsection.18.9.1}{\376\377\000C\000h\000u\036\251\000n\000\040\000b\036\313\000\040\000t\000r\000i\036\303\000n\000\040\000k\000h\000a\000i\000\040\000A\000W\000S}{subsection.18.9}% 240
\BOOKMARK [1][-]{section.19}{\376\377\000C\000h\000u\036\251\000n\000\040\000b\036\313\000\040\000t\000r\000i\036\303\000n\000\040\000k\000h\000a\000i\000\040\000A\000W\000S}{}% 241
\BOOKMARK [2][-]{subsection.19.1}{\376\377\001\020\000i\036\301\000u\000\040\000k\000i\036\307\000n\000\040\000t\000i\000\352\000n\000\040\000q\000u\000y\036\277\000t}{section.19}% 242
\BOOKMARK [2][-]{subsection.19.2}{\376\377\000L\036\245\000y\000\040\000T\000e\000r\000r\000a\000f\000o\000r\000m\000\040\000O\000u\000t\000p\000u\000t\000s}{section.19}% 243
\BOOKMARK [2][-]{subsection.19.3}{\376\377\000B\000u\000i\000l\000d\000\040\000D\000o\000c\000k\000e\000r\000\040\000I\000m\000a\000g\000e\000\040\000\050\000M\000u\000l\000t\000i\000-\000s\000t\000a\000g\000e\000\051}{section.19}% 244
\BOOKMARK [2][-]{subsection.19.4}{\376\377\000B\000u\000i\000l\000d\000\040\000v\000\340\000\040\000P\000u\000s\000h\000\040\000l\000\352\000n\000\040\000E\000C\000R}{section.19}% 245
\BOOKMARK [2][-]{subsection.19.5}{\376\377\000A\000l\000t\000e\000r\000n\000a\000t\000i\000v\000e\000:\000\040\000B\000u\000i\000l\000d\000x\000\040\000c\000h\000o\000\040\000M\000u\000l\000t\000i\000-\000p\000l\000a\000t\000f\000o\000r\000m\000\040\000\050\000A\000R\000M\0006\0004\000\040\000c\000h\000o\000\040\000F\000a\000r\000g\000a\000t\000e\000\040\000G\000r\000a\000v\000i\000t\000o\000n\000\051}{section.19}% 246
\BOOKMARK [2][-]{subsection.19.6}{\376\377\000L\000a\000m\000b\000d\000a\000\040\000D\000e\000p\000l\000o\000y\000m\000e\000n\000t\000\040\000P\000a\000c\000k\000a\000g\000e}{section.19}% 247
\BOOKMARK [3][-]{subsubsection.19.6.1}{\376\377\000C\036\245\000u\000\040\000t\000r\000\372\000c\000\040\000t\000h\001\260\000\040\000m\036\345\000c\000\040\000c\000h\000o\000\040\000L\000a\000m\000b\000d\000a}{subsection.19.6}% 248
\BOOKMARK [3][-]{subsubsection.19.6.2}{\376\377\000B\000u\000i\000l\000d\000\040\000L\000a\000m\000b\000d\000a\000\040\000L\000a\000y\000e\000r\000\040\000\050\000S\000h\000a\000r\000e\000d\000\040\000D\000e\000p\000e\000n\000d\000e\000n\000c\000i\000e\000s\000\051}{subsection.19.6}% 249
\BOOKMARK [3][-]{subsubsection.19.6.3}{\376\377\000P\000a\000c\000k\000a\000g\000e\000\040\000I\000n\000d\000i\000v\000i\000d\000u\000a\000l\000\040\000L\000a\000m\000b\000d\000a\000\040\000F\000u\000n\000c\000t\000i\000o\000n\000s}{subsection.19.6}% 250
\BOOKMARK [2][-]{subsection.19.7}{\376\377\000D\000e\000p\000l\000o\000y\000\040\000L\000a\000m\000b\000d\000a\000\040\000F\000u\000n\000c\000t\000i\000o\000n\000s\000\040\000\050\000d\000e\000p\000l\000o\000y\000.\000s\000h\000\051}{section.19}% 251
\BOOKMARK [2][-]{subsection.19.8}{\376\377\000I\000A\000M\000\040\000R\000o\000l\000e\000\040\000c\000h\000o\000\040\000L\000a\000m\000b\000d\000a}{section.19}% 252
\BOOKMARK [2][-]{subsection.19.9}{\376\377\000S\000e\000c\000r\000e\000t\000s\000\040\000M\000a\000n\000a\000g\000e\000r\000\040\000c\000h\000o\000\040\000C\000r\000e\000d\000e\000n\000t\000i\000a\000l\000s}{section.19}% 253
\BOOKMARK [2][-]{subsection.19.10}{\376\377\000X\000\341\000c\000\040\000m\000i\000n\000h\000\040\000D\000e\000p\000l\000o\000y\000m\000e\000n\000t}{section.19}% 254
\BOOKMARK [2][-]{subsection.19.11}{\376\377\000C\000I\000/\000C\000D\000\040\000v\036\333\000i\000\040\000G\000i\000t\000H\000u\000b\000\040\000A\000c\000t\000i\000o\000n\000s\000\040\000\050\000O\000p\000t\000i\000o\000n\000a\000l\000\051}{section.19}% 255
\BOOKMARK [2][-]{subsection.19.12}{\376\377\000B\001\260\036\333\000c\000\040\000t\000i\036\277\000p\000\040\000t\000h\000e\000o}{section.19}% 256
\BOOKMARK [3][-]{subsubsection.19.12.1}{\376\377\000F\000a\000r\000g\000a\000t\000e\000\040\000C\000r\000a\000w\000l\000e\000r\000\040\000\050\000E\000C\000S\000\040\000+\000\040\000E\000v\000e\000n\000t\000B\000r\000i\000d\000g\000e\000\051}{subsection.19.12}% 257
\BOOKMARK [1][-]{section.20}{\376\377\000F\000a\000r\000g\000a\000t\000e\000\040\000C\000r\000a\000w\000l\000e\000r\000:\000\040\000E\000C\000S\000\040\000F\000a\000r\000g\000a\000t\000e\000\040\000+\000\040\000E\000v\000e\000n\000t\000B\000r\000i\000d\000g\000e\000\040\000S\000c\000h\000e\000d\000u\000l\000e\000r}{}% 258
\BOOKMARK [2][-]{subsection.20.1}{\376\377\000K\000i\036\277\000n\000\040\000t\000r\000\372\000c}{section.20}% 259
\BOOKMARK [2][-]{subsection.20.2}{\376\377\000T\000a\000s\000k\000\040\000D\000e\000f\000i\000n\000i\000t\000i\000o\000n\000\040\000\050\000T\000e\000r\000r\000a\000f\000o\000r\000m\000\051}{section.20}% 260
\BOOKMARK [2][-]{subsection.20.3}{\376\377\000E\000v\000e\000n\000t\000B\000r\000i\000d\000g\000e\000\040\000S\000c\000h\000e\000d\000u\000l\000e\000r\000\040\000\050\000T\000e\000r\000r\000a\000f\000o\000r\000m\000\051}{section.20}% 261
\BOOKMARK [2][-]{subsection.20.4}{\376\377\000I\000A\000M\000\040\000P\000e\000r\000m\000i\000s\000s\000i\000o\000n\000s\000\040\000c\000h\000o\000\040\000T\000a\000s\000k\000\040\000R\000o\000l\000e}{section.20}% 262
\BOOKMARK [2][-]{subsection.20.5}{\376\377\000S\000Q\000S\000\040\000Q\000u\000e\000u\000e\000\040\000\050\000T\000e\000r\000r\000a\000f\000o\000r\000m\000\051}{section.20}% 263
\BOOKMARK [2][-]{subsection.20.6}{\376\377\000B\000u\000i\000l\000d\000\040\000\046\000\040\000P\000u\000s\000h\000\040\000D\000o\000c\000k\000e\000r\000\040\000I\000m\000a\000g\000e}{section.20}% 264
\BOOKMARK [2][-]{subsection.20.7}{\376\377\000A\000l\000t\000e\000r\000n\000a\000t\000i\000v\000e\000:\000\040\000B\000u\000i\000l\000d\000x\000\040\000c\000h\000o\000\040\000M\000u\000l\000t\000i\000-\000p\000l\000a\000t\000f\000o\000r\000m\000\040\000\050\000A\000R\000M\0006\0004\000\040\000c\000h\000o\000\040\000G\000r\000a\000v\000i\000t\000o\000n\000\051}{section.20}% 265
\BOOKMARK [2][-]{subsection.20.8}{\376\377\000M\000a\000n\000u\000a\000l\000\040\000T\000e\000s\000t\000i\000n\000g}{section.20}% 266
\BOOKMARK [3][-]{subsubsection.20.8.1}{\376\377\000C\000h\036\241\000y\000\040\000T\000a\000s\000k\000\040\000T\000h\036\347\000\040\000C\000\364\000n\000g}{subsection.20.8}% 267
\BOOKMARK [3][-]{subsubsection.20.8.2}{\376\377\000K\000i\036\303\000m\000\040\000T\000r\000a\000\040\000T\000r\036\241\000n\000g\000\040\000T\000h\000\341\000i\000\040\000T\000a\000s\000k}{subsection.20.8}% 268
\BOOKMARK [2][-]{subsection.20.9}{\376\377\000M\000o\000n\000i\000t\000o\000r\000i\000n\000g\000\040\000\046\000\040\000D\000e\000b\000u\000g\000g\000i\000n\000g}{section.20}% 269
\BOOKMARK [3][-]{subsubsection.20.9.1}{\376\377\000C\000l\000o\000u\000d\000W\000a\000t\000c\000h\000\040\000L\000o\000g\000s}{subsection.20.9}% 270
\BOOKMARK [3][-]{subsubsection.20.9.2}{\376\377\000C\000l\000o\000u\000d\000W\000a\000t\000c\000h\000\040\000M\000e\000t\000r\000i\000c\000s}{subsection.20.9}% 271
\BOOKMARK [3][-]{subsubsection.20.9.3}{\376\377\000V\036\245\000n\000\040\001\021\036\301\000\040\000t\000h\001\260\036\335\000n\000g\000\040\000g\036\267\000p}{subsection.20.9}% 272
\BOOKMARK [2][-]{subsection.20.10}{\376\377\000S\000c\000a\000l\000i\000n\000g\000\040\000C\000o\000n\000s\000i\000d\000e\000r\000a\000t\000i\000o\000n\000s}{section.20}% 273
\BOOKMARK [2][-]{subsection.20.11}{\376\377\000C\036\255\000p\000\040\000n\000h\036\255\000t\000\040\000C\000r\000a\000w\000l\000e\000r}{section.20}% 274
\BOOKMARK [2][-]{subsection.20.12}{\376\377\000B\001\260\036\333\000c\000\040\000t\000i\036\277\000p\000\040\000t\000h\000e\000o}{section.20}% 275
\BOOKMARK [3][-]{subsubsection.20.12.1}{\376\377\000L\000a\000m\000b\000d\000a\000\040\000C\000o\000n\000s\000u\000m\000e\000r\000\040\000\050\000S\000Q\000S\000\040\041\222\000\040\000A\000u\000r\000o\000r\000a\000\051}{subsection.20.12}% 276
\BOOKMARK [1][-]{section.21}{\376\377\000L\000a\000m\000b\000d\000a\000\040\000C\000o\000n\000s\000u\000m\000e\000r\000:\000\040\000S\000Q\000S\000\040\000T\000r\000i\000g\000g\000e\000r\000\040\000\134\000r\000i\000g\000h\000t\000a\000r\000r\000o\000w\000\040\000A\000u\000r\000o\000r\000a\000\040\000P\000o\000s\000t\000g\000r\000e\000S\000Q\000L}{}% 277
\BOOKMARK [2][-]{subsection.21.1}{\376\377\000K\000i\036\277\000n\000\040\000t\000r\000\372\000c}{section.21}% 278
\BOOKMARK [2][-]{subsection.21.2}{\376\377\000L\000a\000m\000b\000d\000a\000\040\000F\000u\000n\000c\000t\000i\000o\000n\000\040\000C\000o\000d\000e}{section.21}% 279
\BOOKMARK [3][-]{subsubsection.21.2.1}{\376\377\000C\036\245\000u\000\040\000t\000r\000\372\000c\000\040\000f\000i\000l\000e}{subsection.21.2}% 280
\BOOKMARK [3][-]{subsubsection.21.2.2}{\376\377\000l\000a\000m\000b\000d\000a\000\137\000f\000u\000n\000c\000t\000i\000o\000n\000.\000p\000y}{subsection.21.2}% 281
\BOOKMARK [3][-]{subsubsection.21.2.3}{\376\377\000r\000e\000q\000u\000i\000r\000e\000m\000e\000n\000t\000s\000.\000t\000x\000t}{subsection.21.2}% 282
\BOOKMARK [2][-]{subsection.21.3}{\376\377\000T\000e\000r\000r\000a\000f\000o\000r\000m\000\040\000D\000e\000p\000l\000o\000y\000m\000e\000n\000t}{section.21}% 283
\BOOKMARK [3][-]{subsubsection.21.3.1}{\376\377\000L\000a\000m\000b\000d\000a\000\040\000F\000u\000n\000c\000t\000i\000o\000n\000\040\000R\000e\000s\000o\000u\000r\000c\000e}{subsection.21.3}% 284
\BOOKMARK [3][-]{subsubsection.21.3.2}{\376\377\000S\000Q\000S\000\040\000T\000r\000i\000g\000g\000e\000r\000\040\000\050\000E\000v\000e\000n\000t\000\040\000S\000o\000u\000r\000c\000e\000\040\000M\000a\000p\000p\000i\000n\000g\000\051}{subsection.21.3}% 285
\BOOKMARK [3][-]{subsubsection.21.3.3}{\376\377\000I\000A\000M\000\040\000P\000e\000r\000m\000i\000s\000s\000i\000o\000n\000s}{subsection.21.3}% 286
\BOOKMARK [3][-]{subsubsection.21.3.4}{\376\377\000S\000e\000c\000u\000r\000i\000t\000y\000\040\000G\000r\000o\000u\000p\000\040\000c\000h\000o\000\040\000L\000a\000m\000b\000d\000a}{subsection.21.3}% 287
\BOOKMARK [2][-]{subsection.21.4}{\376\377\000B\000u\000i\000l\000d\000i\000n\000g\000\040\000D\000e\000p\000l\000o\000y\000m\000e\000n\000t\000\040\000P\000a\000c\000k\000a\000g\000e}{section.21}% 288
\BOOKMARK [2][-]{subsection.21.5}{\376\377\000d\000e\000p\000l\000o\000y\000.\000s\000h\000\040\000S\000c\000r\000i\000p\000t}{section.21}% 289
\BOOKMARK [2][-]{subsection.21.6}{\376\377\000T\000e\000s\000t\000i\000n\000g\000\040\000t\000h\000e\000\040\000C\000o\000n\000s\000u\000m\000e\000r}{section.21}% 290
\BOOKMARK [3][-]{subsubsection.21.6.1}{\376\377\0001\000.\000\040\000S\000e\000n\000d\000\040\000T\000e\000s\000t\000\040\000M\000e\000s\000s\000a\000g\000e\000\040\000t\000o\000\040\000S\000Q\000S}{subsection.21.6}% 291
\BOOKMARK [3][-]{subsubsection.21.6.2}{\376\377\0002\000.\000\040\000C\000h\000e\000c\000k\000\040\000L\000a\000m\000b\000d\000a\000\040\000L\000o\000g\000s}{subsection.21.6}% 292
\BOOKMARK [3][-]{subsubsection.21.6.3}{\376\377\0003\000.\000\040\000V\000e\000r\000i\000f\000y\000\040\000i\000n\000\040\000D\000a\000t\000a\000b\000a\000s\000e}{subsection.21.6}% 293
\BOOKMARK [2][-]{subsection.21.7}{\376\377\000M\000o\000n\000i\000t\000o\000r\000i\000n\000g}{section.21}% 294
\BOOKMARK [3][-]{subsubsection.21.7.1}{\376\377\000C\000l\000o\000u\000d\000W\000a\000t\000c\000h\000\040\000M\000e\000t\000r\000i\000c\000s\000\040\000t\000o\000\040\000W\000a\000t\000c\000h}{subsection.21.7}% 295
\BOOKMARK [3][-]{subsubsection.21.7.2}{\376\377\000A\000l\000a\000r\000m\000s}{subsection.21.7}% 296
\BOOKMARK [2][-]{subsection.21.8}{\376\377\000T\000r\000o\000u\000b\000l\000e\000s\000h\000o\000o\000t\000i\000n\000g}{section.21}% 297
\BOOKMARK [2][-]{subsection.21.9}{\376\377\000P\000r\000o\000d\000u\000c\000t\000i\000o\000n\000\040\000H\000a\000r\000d\000e\000n\000i\000n\000g}{section.21}% 298
\BOOKMARK [3][-]{subsubsection.21.9.1}{\376\377\000L\000a\000m\000b\000d\000a\000\040\000E\000T\000L\000\040\000+\000\040\000B\000e\000d\000r\000o\000c\000k\000\040\000E\000m\000b\000e\000d\000d\000i\000n\000g}{subsection.21.9}% 299
\BOOKMARK [1][-]{section.22}{\376\377\000L\000a\000m\000b\000d\000a\000\040\000E\000T\000L\000\040\000+\000\040\000B\000e\000d\000r\000o\000c\000k\000\040\000T\000i\000t\000a\000n\000\040\000E\000m\000b\000e\000d\000d\000i\000n\000g}{}% 300
\BOOKMARK [2][-]{subsection.22.1}{\376\377\000K\000i\036\277\000n\000\040\000t\000r\000\372\000c}{section.22}% 301
\BOOKMARK [2][-]{subsection.22.2}{\376\377\000Q\000u\000y\036\277\000t\000\040\001\021\036\313\000n\000h\000\040\000t\000h\000i\036\277\000t\000\040\000k\036\277\000\040\000c\000h\000\355\000n\000h}{section.22}% 302
\BOOKMARK [2][-]{subsection.22.3}{\376\377\000L\000a\000m\000b\000d\000a\000\040\000F\000u\000n\000c\000t\000i\000o\000n\000\040\000C\000o\000d\000e}{section.22}% 303
\BOOKMARK [3][-]{subsubsection.22.3.1}{\376\377\000C\036\245\000u\000\040\000t\000r\000\372\000c\000\040\000f\000i\000l\000e}{subsection.22.3}% 304
\BOOKMARK [3][-]{subsubsection.22.3.2}{\376\377\000b\000e\000d\000r\000o\000c\000k\000\137\000u\000t\000i\000l\000s\000.\000p\000y}{subsection.22.3}% 305
\BOOKMARK [3][-]{subsubsection.22.3.3}{\376\377\000l\000a\000m\000b\000d\000a\000\137\000f\000u\000n\000c\000t\000i\000o\000n\000.\000p\000y}{subsection.22.3}% 306
\BOOKMARK [3][-]{subsubsection.22.3.4}{\376\377\000r\000e\000q\000u\000i\000r\000e\000m\000e\000n\000t\000s\000.\000t\000x\000t}{subsection.22.3}% 307
\BOOKMARK [2][-]{subsection.22.4}{\376\377\000T\000e\000r\000r\000a\000f\000o\000r\000m\000\040\000D\000e\000p\000l\000o\000y\000m\000e\000n\000t}{section.22}% 308
\BOOKMARK [2][-]{subsection.22.5}{\376\377\000T\000e\000s\000t\000i\000n\000g\000\040\000t\000h\000e\000\040\000E\000T\000L\000\040\000L\000a\000m\000b\000d\000a}{section.22}% 309
\BOOKMARK [3][-]{subsubsection.22.5.1}{\376\377\0001\000.\000\040\000I\000n\000v\000o\000k\000e\000\040\000M\000a\000n\000u\000a\000l\000l\000y}{subsection.22.5}% 310
\BOOKMARK [3][-]{subsubsection.22.5.2}{\376\377\0002\000.\000\040\000C\000h\000e\000c\000k\000\040\000L\000o\000g\000s}{subsection.22.5}% 311
\BOOKMARK [3][-]{subsubsection.22.5.3}{\376\377\0003\000.\000\040\000V\000e\000r\000i\000f\000y\000\040\000i\000n\000\040\000D\000a\000t\000a\000b\000a\000s\000e}{subsection.22.5}% 312
\BOOKMARK [2][-]{subsection.22.6}{\376\377\000M\000o\000n\000i\000t\000o\000r\000i\000n\000g\000\040\000\046\000\040\000O\000p\000t\000i\000m\000i\000z\000a\000t\000i\000o\000n}{section.22}% 313
\BOOKMARK [3][-]{subsubsection.22.6.1}{\376\377\000C\000l\000o\000u\000d\000W\000a\000t\000c\000h\000\040\000M\000e\000t\000r\000i\000c\000s}{subsection.22.6}% 314
\BOOKMARK [3][-]{subsubsection.22.6.2}{\376\377\000C\000o\000s\000t\000\040\000O\000p\000t\000i\000m\000i\000z\000a\000t\000i\000o\000n}{subsection.22.6}% 315
\BOOKMARK [3][-]{subsubsection.22.6.3}{\376\377\000P\000e\000r\000f\000o\000r\000m\000a\000n\000c\000e\000\040\000T\000i\000p\000s}{subsection.22.6}% 316
\BOOKMARK [2][-]{subsection.22.7}{\376\377\000N\000e\000x\000t\000\040\000S\000t\000e\000p\000s}{section.22}% 317
\BOOKMARK [3][-]{subsubsection.22.7.1}{\376\377\000R\000A\000G\000\040\000A\000P\000I\000\040\000\050\000L\000a\000m\000b\000d\000a\000\040\000+\000\040\000A\000P\000I\000\040\000G\000a\000t\000e\000w\000a\000y\000\051}{subsection.22.7}% 318
\BOOKMARK [1][-]{section.23}{\376\377\000R\000A\000G\000\040\000A\000P\000I\000:\000\040\000L\000a\000m\000b\000d\000a\000\040\000+\000\040\000A\000P\000I\000\040\000G\000a\000t\000e\000w\000a\000y}{}% 319
\BOOKMARK [2][-]{subsection.23.1}{\376\377\000K\000i\036\277\000n\000\040\000t\000r\000\372\000c}{section.23}% 320
\BOOKMARK [2][-]{subsection.23.2}{\376\377\000R\000e\000q\000u\000e\000s\000t\000/\000R\000e\000s\000p\000o\000n\000s\000e\000\040\000F\000o\000r\000m\000a\000t}{section.23}% 321
\BOOKMARK [3][-]{subsubsection.23.2.1}{\376\377\000R\000e\000q\000u\000e\000s\000t}{subsection.23.2}% 322
\BOOKMARK [3][-]{subsubsection.23.2.2}{\376\377\000R\000e\000s\000p\000o\000n\000s\000e}{subsection.23.2}% 323
\BOOKMARK [2][-]{subsection.23.3}{\376\377\000L\000a\000m\000b\000d\000a\000\040\000F\000u\000n\000c\000t\000i\000o\000n\000\040\000C\000o\000d\000e}{section.23}% 324
\BOOKMARK [3][-]{subsubsection.23.3.1}{\376\377\000C\036\245\000u\000\040\000t\000r\000\372\000c\000\040\000f\000i\000l\000e}{subsection.23.3}% 325
\BOOKMARK [3][-]{subsubsection.23.3.2}{\376\377\000s\000c\000h\000e\000m\000a\000s\000.\000p\000y}{subsection.23.3}% 326
\BOOKMARK [3][-]{subsubsection.23.3.3}{\376\377\000r\000e\000t\000r\000i\000e\000v\000e\000r\000.\000p\000y}{subsection.23.3}% 327
\BOOKMARK [3][-]{subsubsection.23.3.4}{\376\377\000g\000e\000n\000e\000r\000a\000t\000o\000r\000.\000p\000y}{subsection.23.3}% 328
\BOOKMARK [3][-]{subsubsection.23.3.5}{\376\377\000l\000a\000m\000b\000d\000a\000\137\000f\000u\000n\000c\000t\000i\000o\000n\000.\000p\000y}{subsection.23.3}% 329
\BOOKMARK [3][-]{subsubsection.23.3.6}{\376\377\000r\000e\000q\000u\000i\000r\000e\000m\000e\000n\000t\000s\000.\000t\000x\000t}{subsection.23.3}% 330
\BOOKMARK [2][-]{subsection.23.4}{\376\377\000T\000e\000r\000r\000a\000f\000o\000r\000m\000\040\000D\000e\000p\000l\000o\000y\000m\000e\000n\000t}{section.23}% 331
\BOOKMARK [3][-]{subsubsection.23.4.1}{\376\377\000A\000P\000I\000\040\000G\000a\000t\000e\000w\000a\000y\000\040\000+\000\040\000L\000a\000m\000b\000d\000a}{subsection.23.4}% 332
\BOOKMARK [2][-]{subsection.23.5}{\376\377\000T\000e\000s\000t\000i\000n\000g\000\040\000t\000h\000e\000\040\000A\000P\000I}{section.23}% 333
\BOOKMARK [3][-]{subsubsection.23.5.1}{\376\377\0001\000.\000\040\000G\000e\000t\000\040\000A\000P\000I\000\040\000U\000R\000L}{subsection.23.5}% 334
\BOOKMARK [3][-]{subsubsection.23.5.2}{\376\377\0002\000.\000\040\000T\000e\000s\000t\000\040\000w\000i\000t\000h\000\040\000c\000u\000r\000l}{subsection.23.5}% 335
\BOOKMARK [3][-]{subsubsection.23.5.3}{\376\377\0003\000.\000\040\000T\000e\000s\000t\000\040\000v\000a\000n\000i\000l\000l\000a\000\040\000\050\000n\000o\000\040\000R\000A\000G\000\051}{subsection.23.5}% 336
\BOOKMARK [3][-]{subsubsection.23.5.4}{\376\377\0004\000.\000\040\000T\000e\000s\000t\000\040\000f\000r\000o\000m\000\040\000N\000e\000x\000t\000.\000j\000s\000\040\000F\000r\000o\000n\000t\000e\000n\000d}{subsection.23.5}% 337
\BOOKMARK [2][-]{subsection.23.6}{\376\377\000M\000o\000n\000i\000t\000o\000r\000i\000n\000g}{section.23}% 338
\BOOKMARK [3][-]{subsubsection.23.6.1}{\376\377\000C\000l\000o\000u\000d\000W\000a\000t\000c\000h\000\040\000L\000o\000g\000s}{subsection.23.6}% 339
\BOOKMARK [3][-]{subsubsection.23.6.2}{\376\377\000K\000e\000y\000\040\000M\000e\000t\000r\000i\000c\000s\000\040\000t\000o\000\040\000A\000l\000e\000r\000t}{subsection.23.6}% 340
\BOOKMARK [2][-]{subsection.23.7}{\376\377\000C\000o\000s\000t\000\040\000E\000s\000t\000i\000m\000a\000t\000i\000o\000n}{section.23}% 341
\BOOKMARK [2][-]{subsection.23.8}{\376\377\000N\000e\000x\000t\000\040\000S\000t\000e\000p\000s}{section.23}% 342
\BOOKMARK [3][-]{subsubsection.23.8.1}{\376\377\000T\000\355\000c\000h\000\040\000h\036\343\000p\000\040\000F\000r\000o\000n\000t\000e\000n\000d\000\040\000\050\000N\000e\000x\000t\000.\000j\000s\000\040\000+\000\040\000F\000a\000s\000t\000A\000P\000I\000\051}{subsection.23.8}% 343
\BOOKMARK [1][-]{section.24}{\376\377\000T\000\355\000c\000h\000\040\000h\036\343\000p\000\040\000F\000r\000o\000n\000t\000e\000n\000d\000:\000\040\000N\000e\000x\000t\000.\000j\000s\000\040\000D\000a\000s\000h\000b\000o\000a\000r\000d\000\040\000+\000\040\000F\000a\000s\000t\000A\000P\000I\000\040\000B\000a\000c\000k\000e\000n\000d}{}% 344
\BOOKMARK [2][-]{subsection.24.1}{\376\377\000K\000i\036\277\000n\000\040\000t\000r\000\372\000c}{section.24}% 345
\BOOKMARK [2][-]{subsection.24.2}{\376\377\000C\036\245\000u\000\040\000t\000r\000\372\000c\000\040\000d\036\361\000\040\000\341\000n}{section.24}% 346
\BOOKMARK [2][-]{subsection.24.3}{\376\377\000N\000e\000x\000t\000.\000j\000s\000\040\000D\000a\000s\000h\000b\000o\000a\000r\000d\000\040\000S\000e\000t\000u\000p}{section.24}% 347
\BOOKMARK [3][-]{subsubsection.24.3.1}{\376\377\000p\000a\000c\000k\000a\000g\000e\000.\000j\000s\000o\000n}{subsection.24.3}% 348
\BOOKMARK [3][-]{subsubsection.24.3.2}{\376\377\000t\000a\000i\000l\000w\000i\000n\000d\000.\000c\000o\000n\000f\000i\000g\000.\000t\000s}{subsection.24.3}% 349
\BOOKMARK [3][-]{subsubsection.24.3.3}{\376\377\000A\000P\000I\000\040\000C\000l\000i\000e\000n\000t\000\040\000\050\000l\000i\000b\000/\000a\000p\000i\000.\000t\000s\000\051}{subsection.24.3}% 350
\BOOKMARK [2][-]{subsection.24.4}{\376\377\000D\000a\000s\000h\000b\000o\000a\000r\000d\000\040\000P\000a\000g\000e\000\040\000\050\000a\000p\000p\000/\000p\000a\000g\000e\000.\000t\000s\000x\000\051}{section.24}% 351
\BOOKMARK [2][-]{subsection.24.5}{\376\377\000A\000I\000\040\000C\000h\000a\000t\000\040\000P\000a\000g\000e\000\040\000\050\000a\000p\000p\000/\000c\000h\000a\000t\000/\000p\000a\000g\000e\000.\000t\000s\000x\000\051}{section.24}% 352
\BOOKMARK [2][-]{subsection.24.6}{\376\377\000F\000a\000s\000t\000A\000P\000I\000\040\000B\000a\000c\000k\000e\000n\000d\000\040\000\050\000O\000p\000t\000i\000o\000n\000a\000l\000\040\000-\000\040\000c\000h\000o\000\040\000d\000i\000r\000e\000c\000t\000\040\000D\000B\000\040\000q\000u\000e\000r\000i\000e\000s\000\051}{section.24}% 353
\BOOKMARK [2][-]{subsection.24.7}{\376\377\000D\000e\000p\000l\000o\000y\000m\000e\000n\000t}{section.24}% 354
\BOOKMARK [3][-]{subsubsection.24.7.1}{\376\377\000N\000e\000x\000t\000.\000j\000s\000\040\000o\000n\000\040\000V\000e\000r\000c\000e\000l}{subsection.24.7}% 355
\BOOKMARK [3][-]{subsubsection.24.7.2}{\376\377\000F\000a\000s\000t\000A\000P\000I\000\040\000o\000n\000\040\000C\000l\000o\000u\000d\000\040\000R\000u\000n\000\040\000/\000\040\000E\000C\000S\000\040\000F\000a\000r\000g\000a\000t\000e}{subsection.24.7}% 356
\BOOKMARK [2][-]{subsection.24.8}{\376\377\000E\000n\000v\000i\000r\000o\000n\000m\000e\000n\000t\000\040\000V\000a\000r\000i\000a\000b\000l\000e\000s}{section.24}% 357
\BOOKMARK [2][-]{subsection.24.9}{\376\377\000B\001\260\036\333\000c\000\040\000t\000i\036\277\000p\000\040\000t\000h\000e\000o}{section.24}% 358
\BOOKMARK [3][-]{subsubsection.24.9.1}{\376\377\000K\000i\036\303\000m\000\040\000t\000h\036\355\000\040\000\046\000\040\000G\000i\000\341\000m\000\040\000s\000\341\000t}{subsection.24.9}% 359
\BOOKMARK [1][-]{section.25}{\376\377\000K\000i\036\303\000m\000\040\000t\000h\036\355\000\040\000\046\000\040\000G\000i\000\341\000m\000\040\000s\000\341\000t}{}% 360
\BOOKMARK [2][-]{subsection.25.1}{\376\377\000T\036\325\000n\000g\000\040\000q\000u\000a\000n\000\040\000T\000e\000s\000t\000\040\000S\000u\000i\000t\000e}{section.25}% 361
\BOOKMARK [2][-]{subsection.25.2}{\376\377\0001\000.\000\040\000U\000n\000i\000t\000\040\000\046\000\040\000I\000n\000t\000e\000g\000r\000a\000t\000i\000o\000n\000\040\000T\000e\000s\000t\000s\000\040\000\050\000C\036\345\000c\000\040\000b\036\331\000\051}{section.25}% 362
\BOOKMARK [3][-]{subsubsection.25.2.1}{\376\377\000p\000y\000t\000e\000s\000t\000\040\000C\000o\000n\000f\000i\000g\000u\000r\000a\000t\000i\000o\000n}{subsection.25.2}% 363
\BOOKMARK [3][-]{subsubsection.25.2.2}{\376\377\000T\000e\000s\000t\000\040\000D\000a\000t\000a\000b\000a\000s\000e\000\040\000F\000i\000x\000t\000u\000r\000e}{subsection.25.2}% 364
\BOOKMARK [3][-]{subsubsection.25.2.3}{\376\377\000S\000a\000m\000p\000l\000e\000\040\000U\000n\000i\000t\000\040\000T\000e\000s\000t\000s}{subsection.25.2}% 365
\BOOKMARK [3][-]{subsubsection.25.2.4}{\376\377\000R\000u\000n\000\040\000T\000e\000s\000t\000s}{subsection.25.2}% 366
\BOOKMARK [2][-]{subsection.25.3}{\376\377\0002\000.\000\040\000R\000A\000G\000\040\000E\000v\000a\000l\000u\000a\000t\000i\000o\000n\000\040\000w\000i\000t\000h\000\040\000R\000A\000G\000A\000S}{section.25}% 367
\BOOKMARK [3][-]{subsubsection.25.3.1}{\376\377\000T\036\241\000i\000\040\000s\000a\000o\000\040\000R\000A\000G\000A\000S\000?}{subsection.25.3}% 368
\BOOKMARK [3][-]{subsubsection.25.3.2}{\376\377\000I\000n\000s\000t\000a\000l\000l\000a\000t\000i\000o\000n}{subsection.25.3}% 369
\BOOKMARK [3][-]{subsubsection.25.3.3}{\376\377\000E\000v\000a\000l\000u\000a\000t\000i\000o\000n\000\040\000S\000c\000r\000i\000p\000t}{subsection.25.3}% 370
\BOOKMARK [3][-]{subsubsection.25.3.4}{\376\377\000E\000x\000p\000e\000c\000t\000e\000d\000\040\000O\000u\000t\000p\000u\000t}{subsection.25.3}% 371
\BOOKMARK [3][-]{subsubsection.25.3.5}{\376\377\000C\036\243\000i\000\040\000t\000h\000i\036\307\000n\000\040\000S\000c\000o\000r\000e\000s}{subsection.25.3}% 372
\BOOKMARK [2][-]{subsection.25.4}{\376\377\0003\000.\000\040\000L\000o\000a\000d\000\040\000T\000e\000s\000t\000i\000n\000g\000\040\000w\000i\000t\000h\000\040\000L\000o\000c\000u\000s\000t}{section.25}% 373
\BOOKMARK [3][-]{subsubsection.25.4.1}{\376\377\000l\000o\000c\000u\000s\000t\000f\000i\000l\000e\000.\000p\000y}{subsection.25.4}% 374
\BOOKMARK [3][-]{subsubsection.25.4.2}{\376\377\000R\000u\000n\000\040\000L\000o\000a\000d\000\040\000T\000e\000s\000t}{subsection.25.4}% 375
\BOOKMARK [3][-]{subsubsection.25.4.3}{\376\377\000T\000a\000r\000g\000e\000t\000\040\000M\000e\000t\000r\000i\000c\000s}{subsection.25.4}% 376
\BOOKMARK [2][-]{subsection.25.5}{\376\377\0004\000.\000\040\000P\000r\000o\000d\000u\000c\000t\000i\000o\000n\000\040\000M\000o\000n\000i\000t\000o\000r\000i\000n\000g}{section.25}% 377
\BOOKMARK [3][-]{subsubsection.25.5.1}{\376\377\000C\000l\000o\000u\000d\000W\000a\000t\000c\000h\000\040\000D\000a\000s\000h\000b\000o\000a\000r\000d\000s}{subsection.25.5}% 378
\BOOKMARK [3][-]{subsubsection.25.5.2}{\376\377\000C\000l\000o\000u\000d\000W\000a\000t\000c\000h\000\040\000A\000l\000a\000r\000m\000s}{subsection.25.5}% 379
\BOOKMARK [3][-]{subsubsection.25.5.3}{\376\377\000S\000t\000r\000u\000c\000t\000u\000r\000e\000d\000\040\000L\000o\000g\000g\000i\000n\000g}{subsection.25.5}% 380
\BOOKMARK [3][-]{subsubsection.25.5.4}{\376\377\000L\000o\000g\000\040\000I\000n\000s\000i\000g\000h\000t\000s\000\040\000Q\000u\000e\000r\000i\000e\000s}{subsection.25.5}% 381
\BOOKMARK [2][-]{subsection.25.6}{\376\377\0005\000.\000\040\000E\000n\000d\000-\000t\000o\000-\000E\000n\000d\000\040\000T\000e\000s\000t\000\040\000\050\000P\000l\000a\000y\000w\000r\000i\000g\000h\000t\000\051}{section.25}% 382
\BOOKMARK [2][-]{subsection.25.7}{\376\377\000C\000I\000/\000C\000D\000\040\000P\000i\000p\000e\000l\000i\000n\000e\000\040\000\050\000G\000i\000t\000H\000u\000b\000\040\000A\000c\000t\000i\000o\000n\000s\000\051}{section.25}% 383
\BOOKMARK [3][-]{subsubsection.25.7.1}{\376\377\000T\036\321\000i\000\040\001\260\000u\000\040\000c\000h\000i\000\040\000p\000h\000\355}{subsection.25.7}% 384
\BOOKMARK [1][-]{section.26}{\376\377\000T\036\321\000i\000\040\001\260\000u\000\040\000c\000h\000i\000\040\000p\000h\000\355}{}% 385
\BOOKMARK [2][-]{subsection.26.1}{\376\377\000P\000h\000\342\000n\000\040\000t\000\355\000c\000h\000\040\000c\000h\000i\000\040\000p\000h\000\355\000\040\000\050\000H\000\340\000n\000g\000\040\000t\000h\000\341\000n\000g\000,\000\040\000a\000p\000-\000s\000o\000u\000t\000h\000e\000a\000s\000t\000-\0002\000\051}{section.26}% 386
\BOOKMARK [2][-]{subsection.26.2}{\376\377\000C\000h\000i\036\277\000n\000\040\000l\001\260\036\343\000c\000\040\000t\036\321\000i\000\040\001\260\000u}{section.26}% 387
\BOOKMARK [3][-]{subsubsection.26.2.1}{\376\377\0001\000.\000\040\000A\000u\000r\000o\000r\000a\000\040\000S\000e\000r\000v\000e\000r\000l\000e\000s\000s\000\040\000v\0002}{subsection.26.2}% 388
\BOOKMARK [3][-]{subsubsection.26.2.2}{\376\377\0002\000.\000\040\000L\000a\000m\000b\000d\000a\000\040\000R\000i\000g\000h\000t\000-\000S\000i\000z\000i\000n\000g}{subsection.26.2}% 389
\BOOKMARK [3][-]{subsubsection.26.2.3}{\376\377\0003\000.\000\040\000F\000a\000r\000g\000a\000t\000e\000\040\000S\000p\000o\000t\000\040\000c\000h\000o\000\040\000C\000r\000a\000w\000l\000e\000r}{subsection.26.2}% 390
\BOOKMARK [3][-]{subsubsection.26.2.4}{\376\377\0004\000.\000\040\000B\000e\000d\000r\000o\000c\000k\000\040\000E\000m\000b\000e\000d\000d\000i\000n\000g\000\040\000O\000p\000t\000i\000m\000i\000z\000a\000t\000i\000o\000n}{subsection.26.2}% 391
\BOOKMARK [3][-]{subsubsection.26.2.5}{\376\377\0005\000.\000\040\000C\000l\000o\000u\000d\000W\000a\000t\000c\000h\000\040\000L\000o\000g\000s\000\040\000R\000e\000t\000e\000n\000t\000i\000o\000n}{subsection.26.2}% 392
\BOOKMARK [3][-]{subsubsection.26.2.6}{\376\377\0006\000.\000\040\000S\0003\000\040\000c\000h\000o\000\040\000C\000o\000l\000d\000\040\000D\000a\000t\000a\000\040\000\050\000O\000p\000t\000i\000o\000n\000a\000l\000\051}{subsection.26.2}% 393
\BOOKMARK [3][-]{subsubsection.26.2.7}{\376\377\0007\000.\000\040\000R\000D\000S\000\040\000P\000r\000o\000x\000y\000\040\000\050\000F\000o\000r\000\040\000H\000i\000g\000h\000\040\000C\000o\000n\000c\000u\000r\000r\000e\000n\000c\000y\000\051}{subsection.26.2}% 394
\BOOKMARK [2][-]{subsection.26.3}{\376\377\000C\000o\000s\000t\000\040\000M\000o\000n\000i\000t\000o\000r\000i\000n\000g}{section.26}% 395
\BOOKMARK [3][-]{subsubsection.26.3.1}{\376\377\000B\000u\000d\000g\000e\000t\000\040\000A\000l\000e\000r\000t}{subsection.26.3}% 396
\BOOKMARK [3][-]{subsubsection.26.3.2}{\376\377\000C\000o\000s\000t\000\040\000E\000x\000p\000l\000o\000r\000e\000r\000\040\000Q\000u\000e\000r\000i\000e\000s}{subsection.26.3}% 397
\BOOKMARK [2][-]{subsection.26.4}{\376\377\000C\000o\000s\000t\000\040\000O\000p\000t\000i\000m\000i\000z\000a\000t\000i\000o\000n\000\040\000C\000h\000e\000c\000k\000l\000i\000s\000t}{section.26}% 398
\BOOKMARK [2][-]{subsection.26.5}{\376\377\000P\000r\000o\000d\000u\000c\000t\000i\000o\000n\000\040\000v\000s\000\040\000D\000e\000v\000e\000l\000o\000p\000m\000e\000n\000t\000\040\000C\000o\000s\000t\000s}{section.26}% 399
\BOOKMARK [3][-]{subsubsection.26.5.1}{\376\377\000D\036\315\000n\000\040\000d\036\271\000p\000\040\000t\000\340\000i\000\040\000n\000g\000u\000y\000\352\000n}{subsection.26.5}% 400
\BOOKMARK [1][-]{section.27}{\376\377\000D\036\315\000n\000\040\000d\036\271\000p\000\040\000t\000\340\000i\000\040\000n\000g\000u\000y\000\352\000n}{}% 401
\BOOKMARK [2][-]{subsection.27.1}{\376\377\000!\000\040\000T\000r\001\260\036\333\000c\000\040\000k\000h\000i\000\040\000b\036\257\000t\000\040\001\021\036\247\000u}{section.27}% 402
\BOOKMARK [2][-]{subsection.27.2}{\376\377\000C\000\341\000c\000h\000\040\0001\000:\000\040\000T\000e\000r\000r\000a\000f\000o\000r\000m\000\040\000D\000e\000s\000t\000r\000o\000y\000\040\000\050\000K\000h\000u\000y\036\277\000n\000\040\000n\000g\000h\036\313\000\051}{section.27}% 403
\BOOKMARK [2][-]{subsection.27.3}{\376\377\000C\000\341\000c\000h\000\040\0002\000:\000\040\000D\036\315\000n\000\040\000d\036\271\000p\000\040\000t\000h\036\347\000\040\000c\000\364\000n\000g\000\040\000\050\000N\036\277\000u\000\040\000m\036\245\000t\000\040\000T\000e\000r\000r\000a\000f\000o\000r\000m\000\040\000S\000t\000a\000t\000e\000\051}{section.27}% 404
\BOOKMARK [3][-]{subsubsection.27.3.1}{\376\377\0001\000.\000\040\000X\000\363\000a\000\040\000L\000a\000m\000b\000d\000a\000\040\000F\000u\000n\000c\000t\000i\000o\000n\000s}{subsection.27.3}% 405
\BOOKMARK [3][-]{subsubsection.27.3.2}{\376\377\0002\000.\000\040\000X\000\363\000a\000\040\000E\000v\000e\000n\000t\000B\000r\000i\000d\000g\000e\000\040\000R\000u\000l\000e\000s\000\040\000\046\000\040\000T\000a\000r\000g\000e\000t\000s}{subsection.27.3}% 406
\BOOKMARK [3][-]{subsubsection.27.3.3}{\376\377\0003\000.\000\040\000X\000\363\000a\000\040\000E\000C\000S\000\040\000R\000e\000s\000o\000u\000r\000c\000e\000s}{subsection.27.3}% 407
\BOOKMARK [3][-]{subsubsection.27.3.4}{\376\377\0004\000.\000\040\000X\000\363\000a\000\040\000E\000C\000R\000\040\000R\000e\000p\000o\000s\000i\000t\000o\000r\000y}{subsection.27.3}% 408
\BOOKMARK [3][-]{subsubsection.27.3.5}{\376\377\0005\000.\000\040\000X\000\363\000a\000\040\000R\000D\000S\000\040\000A\000u\000r\000o\000r\000a\000\040\000C\000l\000u\000s\000t\000e\000r}{subsection.27.3}% 409
\BOOKMARK [3][-]{subsubsection.27.3.6}{\376\377\0006\000.\000\040\000X\000\363\000a\000\040\000V\000P\000C\000\040\000R\000e\000s\000o\000u\000r\000c\000e\000s}{subsection.27.3}% 410
\BOOKMARK [3][-]{subsubsection.27.3.7}{\376\377\0007\000.\000\040\000X\000\363\000a\000\040\000I\000A\000M\000\040\000R\000o\000l\000e\000s\000\040\000\046\000\040\000P\000o\000l\000i\000c\000i\000e\000s}{subsection.27.3}% 411
\BOOKMARK [3][-]{subsubsection.27.3.8}{\376\377\0008\000.\000\040\000X\000\363\000a\000\040\000C\000l\000o\000u\000d\000W\000a\000t\000c\000h\000\040\000L\000o\000g\000\040\000G\000r\000o\000u\000p\000s}{subsection.27.3}% 412
\BOOKMARK [3][-]{subsubsection.27.3.9}{\376\377\0009\000.\000\040\000X\000\363\000a\000\040\000S\000Q\000S\000\040\000Q\000u\000e\000u\000e\000s}{subsection.27.3}% 413
\BOOKMARK [3][-]{subsubsection.27.3.10}{\376\377\0001\0000\000.\000\040\000X\000\363\000a\000\040\000A\000P\000I\000\040\000G\000a\000t\000e\000w\000a\000y}{subsection.27.3}% 414
\BOOKMARK [3][-]{subsubsection.27.3.11}{\376\377\0001\0001\000.\000\040\000X\000\363\000a\000\040\000S\000e\000c\000r\000e\000t\000s\000\040\000M\000a\000n\000a\000g\000e\000r\000\040\000S\000e\000c\000r\000e\000t\000s}{subsection.27.3}% 415
\BOOKMARK [3][-]{subsubsection.27.3.12}{\376\377\0001\0002\000.\000\040\000X\000\363\000a\000\040\000S\000N\000S\000\040\000T\000o\000p\000i\000c\000\040\000\050\000A\000l\000a\000r\000m\000s\000\051}{subsection.27.3}% 416
\BOOKMARK [2][-]{subsection.27.4}{\376\377\000X\000\341\000c\000\040\000m\000i\000n\000h\000\040\000d\036\315\000n\000\040\000d\036\271\000p\000\040\000h\000o\000\340\000n\000\040\000t\000o\000\340\000n}{section.27}% 417
\BOOKMARK [2][-]{subsection.27.5}{\376\377\000D\036\315\000n\000\040\000d\036\271\000p\000\040\000f\000i\000l\000e\000\040\000c\036\345\000c\000\040\000b\036\331}{section.27}% 418
\BOOKMARK [2][-]{subsection.27.6}{\376\377\000X\000\341\000c\000\040\000m\000i\000n\000h\000\040\000c\000h\000i\000\040\000p\000h\000\355}{section.27}% 419
\BOOKMARK [2][-]{subsection.27.7}{\376\377\000V\036\245\000n\000\040\001\021\036\301\000\040\000t\000h\001\260\036\335\000n\000g\000\040\000g\036\267\000p}{section.27}% 420
\BOOKMARK [2][-]{subsection.27.8}{\376\377\000W\000o\000r\000k\000s\000h\000o\000p\000\040\000H\000o\000\340\000n\000\040\000T\036\245\000t\000!}{section.27}% 421
\BOOKMARK [3][-]{subsubsection.27.8.1}{\376\377\000N\000e\000x\000t\000\040\000S\000t\000e\000p\000s\000\040\000c\000h\000o\000\040\000P\000r\000o\000d\000u\000c\000t\000i\000o\000n}{subsection.27.8}% 422
\BOOKMARK [2][-]{subsection.27.9}{\376\377\000T\036\361\000\040\001\021\000\341\000n\000h\000\040\000g\000i\000\341}{section.27}% 423
\BOOKMARK [3][-]{subsubsection.27.9.1}{\376\377\000C\036\247\000n\000\040\000c\036\243\000i\000\040\000t\000h\000i\036\307\000n}{subsection.27.9}% 424
\BOOKMARK [2][-]{subsection.27.10}{\376\377\000C\000h\000i\000a\000\040\000s\036\273\000,\000\040\001\021\000\363\000n\000g\000\040\000g\000\363\000p\000\040\000\375\000\040\000k\000i\036\277\000n}{section.27}% 425
\BOOKMARK [3][-]{subsubsection.27.10.1}{\376\377\001\020\000\341\000n\000h\000\040\000g\000i\000\341\000\040\000c\000h\000u\000n\000g}{subsection.27.10}% 426
\BOOKMARK [3][-]{subsubsection.27.10.2}{\376\377\000M\036\331\000t\000\040\000s\036\321\000\040\000c\000\342\000u\000\040\000h\036\317\000i\000\040\000k\000h\000\341\000c}{subsection.27.10}% 427
\BOOKMARK [3][-]{subsubsection.27.10.3}{\376\377\001\020\036\301\000\040\000x\000u\036\245\000t\000\040\000\046\000\040\000m\000o\000n\000g\000\040\000m\000u\036\321\000n}{subsection.27.10}% 428
\BOOKMARK [1][-]{section.28}{\376\377\000T\036\325\000n\000g\000\040\000k\036\277\000t}{}% 429
